   424121347

 MYSTRAN Version 18.0.0   APR 20 2026 MYSTRAN developed by Dr Bill Case
*** Please report any problems to mystransolver@gmail.com ***                                                                                                                                                                                                   

 >> MYSTRAN BEGIN  :  4/24/2026 at 12:13:47.780 The input file is E:\mystran17\mystran\howbuild\chase_feast_add\examples\midas_eigen08_cbeam_axis_debug_lanc_feast_interval_tuned.dat                                                                                                                                             


 >> LINK  0 BEGIN


ID MIDAS,EIGEN08,CBEAM                                                                                                                                                                                                                                          
SOL 103                                                                                                                                                                                                                                                         
CEND                                                                                                                                                                                                                                                            
TITLE = MIDAS EIGEN08 CBEAM MODAL CONVERSION                                                                                                                                                                                                                    
ECHO = NONE                                                                                                                                                                                                                                                     
SUBCASE 1                                                                                                                                                                                                                                                       
  METHOD = 20                                                                                                                                                                                                                                                   
  SPC = 1                                                                                                                                                                                                                                                       
BEGIN BULK                                                                                                                                                                                                                                                      




 >> LINK  0 END


 >> LINK  1 BEGIN


 CBEAM/CBAR AXIS DEBUG: EID =        1 TYPE = BEAM
 VX   (A->B)            =   0.000000E+00  0.000000E+00  1.000000E+01
 V13  (from input V/G0) =   0.000000E+00  1.000000E+00  0.000000E+00
 Ye (local y)           =   0.000000E+00  1.000000E+00 -0.000000E+00
 Ze (local z)           =  -1.000000E+00  0.000000E+00  0.000000E+00
 Xe (local x)           =   0.000000E+00  0.000000E+00  1.000000E+00
 TE row =   0.000000E+00  0.000000E+00  1.000000E+00
 TE row =   0.000000E+00  1.000000E+00 -0.000000E+00
 TE row =  -1.000000E+00  0.000000E+00  0.000000E+00


 CBEAM/CBAR AXIS DEBUG: EID =        2 TYPE = BEAM
 VX   (A->B)            =   0.000000E+00  0.000000E+00  8.625000E+00
 V13  (from input V/G0) =   0.000000E+00  1.000000E+00  0.000000E+00
 Ye (local y)           =   0.000000E+00  1.000000E+00 -0.000000E+00
 Ze (local z)           =  -1.000000E+00  0.000000E+00  0.000000E+00
 Xe (local x)           =   0.000000E+00  0.000000E+00  1.000000E+00
 TE row =   0.000000E+00  0.000000E+00  1.000000E+00
 TE row =   0.000000E+00  1.000000E+00 -0.000000E+00
 TE row =  -1.000000E+00  0.000000E+00  0.000000E+00


 CBEAM/CBAR AXIS DEBUG: EID =        3 TYPE = BEAM
 VX   (A->B)            =   0.000000E+00  0.000000E+00  1.000000E+01
 V13  (from input V/G0) =   0.000000E+00  1.000000E+00  0.000000E+00
 Ye (local y)           =   0.000000E+00  1.000000E+00 -0.000000E+00
 Ze (local z)           =  -1.000000E+00  0.000000E+00  0.000000E+00
 Xe (local x)           =   0.000000E+00  0.000000E+00  1.000000E+00
 TE row =   0.000000E+00  0.000000E+00  1.000000E+00
 TE row =   0.000000E+00  1.000000E+00 -0.000000E+00
 TE row =  -1.000000E+00  0.000000E+00  0.000000E+00


 CBEAM/CBAR AXIS DEBUG: EID =        4 TYPE = BEAM
 VX   (A->B)            =   0.000000E+00  0.000000E+00  8.625000E+00
 V13  (from input V/G0) =   0.000000E+00  1.000000E+00  0.000000E+00
 Ye (local y)           =   0.000000E+00  1.000000E+00 -0.000000E+00
 Ze (local z)           =  -1.000000E+00  0.000000E+00  0.000000E+00
 Xe (local x)           =   0.000000E+00  0.000000E+00  1.000000E+00
 TE row =   0.000000E+00  0.000000E+00  1.000000E+00
 TE row =   0.000000E+00  1.000000E+00 -0.000000E+00
 TE row =  -1.000000E+00  0.000000E+00  0.000000E+00


 CBEAM/CBAR AXIS DEBUG: EID =        5 TYPE = BEAM
 VX   (A->B)            =   0.000000E+00  0.000000E+00  1.000000E+01
 V13  (from input V/G0) =   0.000000E+00  1.000000E+00  0.000000E+00
 Ye (local y)           =   0.000000E+00  1.000000E+00 -0.000000E+00
 Ze (local z)           =  -1.000000E+00  0.000000E+00  0.000000E+00
 Xe (local x)           =   0.000000E+00  0.000000E+00  1.000000E+00
 TE row =   0.000000E+00  0.000000E+00  1.000000E+00
 TE row =   0.000000E+00  1.000000E+00 -0.000000E+00
 TE row =  -1.000000E+00  0.000000E+00  0.000000E+00


 CBEAM/CBAR AXIS DEBUG: EID =        6 TYPE = BEAM
 VX   (A->B)            =   0.000000E+00  0.000000E+00  8.625000E+00
 V13  (from input V/G0) =   0.000000E+00  1.000000E+00  0.000000E+00
 Ye (local y)           =   0.000000E+00  1.000000E+00 -0.000000E+00
 Ze (local z)           =  -1.000000E+00  0.000000E+00  0.000000E+00
 Xe (local x)           =   0.000000E+00  0.000000E+00  1.000000E+00
 TE row =   0.000000E+00  0.000000E+00  1.000000E+00
 TE row =   0.000000E+00  1.000000E+00 -0.000000E+00
 TE row =  -1.000000E+00  0.000000E+00  0.000000E+00


 CBEAM/CBAR AXIS DEBUG: EID =        7 TYPE = BEAM
 VX   (A->B)            =   0.000000E+00  0.000000E+00  1.000000E+01
 V13  (from input V/G0) =   0.000000E+00  1.000000E+00  0.000000E+00
 Ye (local y)           =   0.000000E+00  1.000000E+00 -0.000000E+00
 Ze (local z)           =  -1.000000E+00  0.000000E+00  0.000000E+00
 Xe (local x)           =   0.000000E+00  0.000000E+00  1.000000E+00
 TE row =   0.000000E+00  0.000000E+00  1.000000E+00
 TE row =   0.000000E+00  1.000000E+00 -0.000000E+00
 TE row =  -1.000000E+00  0.000000E+00  0.000000E+00


 CBEAM/CBAR AXIS DEBUG: EID =        8 TYPE = BEAM
 VX   (A->B)            =   0.000000E+00  0.000000E+00  8.625000E+00
 V13  (from input V/G0) =   0.000000E+00  1.000000E+00  0.000000E+00
 Ye (local y)           =   0.000000E+00  1.000000E+00 -0.000000E+00
 Ze (local z)           =  -1.000000E+00  0.000000E+00  0.000000E+00
 Xe (local x)           =   0.000000E+00  0.000000E+00  1.000000E+00
 TE row =   0.000000E+00  0.000000E+00  1.000000E+00
 TE row =   0.000000E+00  1.000000E+00 -0.000000E+00
 TE row =  -1.000000E+00  0.000000E+00  0.000000E+00


 CBEAM/CBAR AXIS DEBUG: EID =        9 TYPE = BEAM
 VX   (A->B)            =   8.625000E+00  0.000000E+00  0.000000E+00
 V13  (from input V/G0) =   0.000000E+00  0.000000E+00  1.000000E+00
 Ye (local y)           =  -0.000000E+00  0.000000E+00  1.000000E+00
 Ze (local z)           =   0.000000E+00 -1.000000E+00  0.000000E+00
 Xe (local x)           =   1.000000E+00  0.000000E+00  0.000000E+00
 TE row =   1.000000E+00  0.000000E+00  0.000000E+00
 TE row =  -0.000000E+00  0.000000E+00  1.000000E+00
 TE row =   0.000000E+00 -1.000000E+00  0.000000E+00


 CBEAM/CBAR AXIS DEBUG: EID =       10 TYPE = BEAM
 VX   (A->B)            =   1.000000E+01  0.000000E+00  0.000000E+00
 V13  (from input V/G0) =   0.000000E+00  0.000000E+00  1.000000E+00
 Ye (local y)           =  -0.000000E+00  0.000000E+00  1.000000E+00
 Ze (local z)           =   0.000000E+00 -1.000000E+00  0.000000E+00
 Xe (local x)           =   1.000000E+00  0.000000E+00  0.000000E+00
 TE row =   1.000000E+00  0.000000E+00  0.000000E+00
 TE row =  -0.000000E+00  0.000000E+00  1.000000E+00
 TE row =   0.000000E+00 -1.000000E+00  0.000000E+00


 CBEAM/CBAR AXIS DEBUG: EID =       11 TYPE = BEAM
 VX   (A->B)            =   8.625000E+00  0.000000E+00  0.000000E+00
 V13  (from input V/G0) =   0.000000E+00  0.000000E+00  1.000000E+00
 Ye (local y)           =  -0.000000E+00  0.000000E+00  1.000000E+00
 Ze (local z)           =   0.000000E+00 -1.000000E+00  0.000000E+00
 Xe (local x)           =   1.000000E+00  0.000000E+00  0.000000E+00
 TE row =   1.000000E+00  0.000000E+00  0.000000E+00
 TE row =  -0.000000E+00  0.000000E+00  1.000000E+00
 TE row =   0.000000E+00 -1.000000E+00  0.000000E+00


 CBEAM/CBAR AXIS DEBUG: EID =       12 TYPE = BEAM
 VX   (A->B)            =   8.625000E+00  0.000000E+00  0.000000E+00
 V13  (from input V/G0) =   0.000000E+00  0.000000E+00  1.000000E+00
 Ye (local y)           =  -0.000000E+00  0.000000E+00  1.000000E+00
 Ze (local z)           =   0.000000E+00 -1.000000E+00  0.000000E+00
 Xe (local x)           =   1.000000E+00  0.000000E+00  0.000000E+00
 TE row =   1.000000E+00  0.000000E+00  0.000000E+00
 TE row =  -0.000000E+00  0.000000E+00  1.000000E+00
 TE row =   0.000000E+00 -1.000000E+00  0.000000E+00


 CBEAM/CBAR AXIS DEBUG: EID =       13 TYPE = BEAM
 VX   (A->B)            =   1.000000E+01  0.000000E+00  0.000000E+00
 V13  (from input V/G0) =   0.000000E+00  0.000000E+00  1.000000E+00
 Ye (local y)           =  -0.000000E+00  0.000000E+00  1.000000E+00
 Ze (local z)           =   0.000000E+00 -1.000000E+00  0.000000E+00
 Xe (local x)           =   1.000000E+00  0.000000E+00  0.000000E+00
 TE row =   1.000000E+00  0.000000E+00  0.000000E+00
 TE row =  -0.000000E+00  0.000000E+00  1.000000E+00
 TE row =   0.000000E+00 -1.000000E+00  0.000000E+00


 CBEAM/CBAR AXIS DEBUG: EID =       14 TYPE = BEAM
 VX   (A->B)            =   8.625000E+00  0.000000E+00  0.000000E+00
 V13  (from input V/G0) =   0.000000E+00  0.000000E+00  1.000000E+00
 Ye (local y)           =  -0.000000E+00  0.000000E+00  1.000000E+00
 Ze (local z)           =   0.000000E+00 -1.000000E+00  0.000000E+00
 Xe (local x)           =   1.000000E+00  0.000000E+00  0.000000E+00
 TE row =   1.000000E+00  0.000000E+00  0.000000E+00
 TE row =  -0.000000E+00  0.000000E+00  1.000000E+00
 TE row =   0.000000E+00 -1.000000E+00  0.000000E+00


 CBEAM/CBAR AXIS DEBUG: EID =       15 TYPE = BEAM
 VX   (A->B)            =   0.000000E+00  8.625000E+00  0.000000E+00
 V13  (from input V/G0) =   0.000000E+00  0.000000E+00  1.000000E+00
 Ye (local y)           =   0.000000E+00  0.000000E+00  1.000000E+00
 Ze (local z)           =   1.000000E+00  0.000000E+00  0.000000E+00
 Xe (local x)           =   0.000000E+00  1.000000E+00  0.000000E+00
 TE row =   0.000000E+00  1.000000E+00  0.000000E+00
 TE row =   0.000000E+00  0.000000E+00  1.000000E+00
 TE row =   1.000000E+00  0.000000E+00  0.000000E+00


 CBEAM/CBAR AXIS DEBUG: EID =       16 TYPE = BEAM
 VX   (A->B)            =   0.000000E+00  8.625000E+00  0.000000E+00
 V13  (from input V/G0) =   0.000000E+00  0.000000E+00  1.000000E+00
 Ye (local y)           =   0.000000E+00  0.000000E+00  1.000000E+00
 Ze (local z)           =   1.000000E+00  0.000000E+00  0.000000E+00
 Xe (local x)           =   0.000000E+00  1.000000E+00  0.000000E+00
 TE row =   0.000000E+00  1.000000E+00  0.000000E+00
 TE row =   0.000000E+00  0.000000E+00  1.000000E+00
 TE row =   1.000000E+00  0.000000E+00  0.000000E+00


 CBEAM/CBAR AXIS DEBUG: EID =       17 TYPE = BEAM
 VX   (A->B)            =   0.000000E+00  8.625000E+00  0.000000E+00
 V13  (from input V/G0) =   0.000000E+00  0.000000E+00  1.000000E+00
 Ye (local y)           =   0.000000E+00  0.000000E+00  1.000000E+00
 Ze (local z)           =   1.000000E+00  0.000000E+00  0.000000E+00
 Xe (local x)           =   0.000000E+00  1.000000E+00  0.000000E+00
 TE row =   0.000000E+00  1.000000E+00  0.000000E+00
 TE row =   0.000000E+00  0.000000E+00  1.000000E+00
 TE row =   1.000000E+00  0.000000E+00  0.000000E+00


 CBEAM/CBAR AXIS DEBUG: EID =       18 TYPE = BEAM
 VX   (A->B)            =   0.000000E+00  8.625000E+00  0.000000E+00
 V13  (from input V/G0) =   0.000000E+00  0.000000E+00  1.000000E+00
 Ye (local y)           =   0.000000E+00  0.000000E+00  1.000000E+00
 Ze (local z)           =   1.000000E+00  0.000000E+00  0.000000E+00
 Xe (local x)           =   0.000000E+00  1.000000E+00  0.000000E+00
 TE row =   0.000000E+00  1.000000E+00  0.000000E+00
 TE row =   0.000000E+00  0.000000E+00  1.000000E+00
 TE row =   1.000000E+00  0.000000E+00  0.000000E+00


 CBEAM/CBAR AXIS DEBUG: EID =        1 TYPE = BEAM
 VX   (A->B)            =   0.000000E+00  0.000000E+00  1.000000E+01
 V13  (from input V/G0) =   0.000000E+00  1.000000E+00  0.000000E+00
 Ye (local y)           =   0.000000E+00  1.000000E+00 -0.000000E+00
 Ze (local z)           =  -1.000000E+00  0.000000E+00  0.000000E+00
 Xe (local x)           =   0.000000E+00  0.000000E+00  1.000000E+00
 TE row =   0.000000E+00  0.000000E+00  1.000000E+00
 TE row =   0.000000E+00  1.000000E+00 -0.000000E+00
 TE row =  -1.000000E+00  0.000000E+00  0.000000E+00


************************************************************
In subr BEAM with BEAM element        1
 --------------------------------------
L       =   1.000000E+01
AREA    =   1.074530E+00
I1      =   6.657470E-01
I2      =   6.657400E-01
I12     =   0.000000E+00
JTOR    =   1.331490E+00
K1      =   1.000000E+00
K2      =   1.000000E+00
E       =   2.790000E+07
G       =   1.073077E+07
SCOEFF  =   0.000000E+00
ALPHA   =   0.000000E+00
TREF    =   0.000000E+00
plane1 (UY,RZ) uses I1/K2; phi1 =   0.000000E+00
plane2 (UZ,RY) uses I2/K1; phi2 =   0.000000E+00
CBEAMBRN=        1
FAC1    =   1.857434E+04
FAC2    =   1.857415E+04
DEN     =   4.432144E-01
DELTA1  =   1.502072E+00
DELTA2  =   1.502088E+00
DELTA12 =   0.000000E+00

************************************************************


 CBEAM/CBAR AXIS DEBUG: EID =        2 TYPE = BEAM
 VX   (A->B)            =   0.000000E+00  0.000000E+00  8.625000E+00
 V13  (from input V/G0) =   0.000000E+00  1.000000E+00  0.000000E+00
 Ye (local y)           =   0.000000E+00  1.000000E+00 -0.000000E+00
 Ze (local z)           =  -1.000000E+00  0.000000E+00  0.000000E+00
 Xe (local x)           =   0.000000E+00  0.000000E+00  1.000000E+00
 TE row =   0.000000E+00  0.000000E+00  1.000000E+00
 TE row =   0.000000E+00  1.000000E+00 -0.000000E+00
 TE row =  -1.000000E+00  0.000000E+00  0.000000E+00


************************************************************
In subr BEAM with BEAM element        2
 --------------------------------------
L       =   8.625000E+00
AREA    =   1.074530E+00
I1      =   6.657470E-01
I2      =   6.657400E-01
I12     =   0.000000E+00
JTOR    =   1.331490E+00
K1      =   1.000000E+00
K2      =   1.000000E+00
E       =   2.790000E+07
G       =   1.073077E+07
SCOEFF  =   0.000000E+00
ALPHA   =   0.000000E+00
TREF    =   0.000000E+00
plane1 (UY,RZ) uses I1/K2; phi1 =   0.000000E+00
plane2 (UZ,RY) uses I2/K1; phi2 =   0.000000E+00
CBEAMBRN=        1
FAC1    =   2.894917E+04
FAC2    =   2.894887E+04
DEN     =   4.432144E-01
DELTA1  =   1.502072E+00
DELTA2  =   1.502088E+00
DELTA12 =   0.000000E+00

************************************************************


 CBEAM/CBAR AXIS DEBUG: EID =        3 TYPE = BEAM
 VX   (A->B)            =   0.000000E+00  0.000000E+00  1.000000E+01
 V13  (from input V/G0) =   0.000000E+00  1.000000E+00  0.000000E+00
 Ye (local y)           =   0.000000E+00  1.000000E+00 -0.000000E+00
 Ze (local z)           =  -1.000000E+00  0.000000E+00  0.000000E+00
 Xe (local x)           =   0.000000E+00  0.000000E+00  1.000000E+00
 TE row =   0.000000E+00  0.000000E+00  1.000000E+00
 TE row =   0.000000E+00  1.000000E+00 -0.000000E+00
 TE row =  -1.000000E+00  0.000000E+00  0.000000E+00


************************************************************
In subr BEAM with BEAM element        3
 --------------------------------------
L       =   1.000000E+01
AREA    =   1.074530E+00
I1      =   6.657470E-01
I2      =   6.657400E-01
I12     =   0.000000E+00
JTOR    =   1.331490E+00
K1      =   1.000000E+00
K2      =   1.000000E+00
E       =   2.790000E+07
G       =   1.073077E+07
SCOEFF  =   0.000000E+00
ALPHA   =   0.000000E+00
TREF    =   0.000000E+00
plane1 (UY,RZ) uses I1/K2; phi1 =   0.000000E+00
plane2 (UZ,RY) uses I2/K1; phi2 =   0.000000E+00
CBEAMBRN=        1
FAC1    =   1.857434E+04
FAC2    =   1.857415E+04
DEN     =   4.432144E-01
DELTA1  =   1.502072E+00
DELTA2  =   1.502088E+00
DELTA12 =   0.000000E+00

************************************************************


 CBEAM/CBAR AXIS DEBUG: EID =        4 TYPE = BEAM
 VX   (A->B)            =   0.000000E+00  0.000000E+00  8.625000E+00
 V13  (from input V/G0) =   0.000000E+00  1.000000E+00  0.000000E+00
 Ye (local y)           =   0.000000E+00  1.000000E+00 -0.000000E+00
 Ze (local z)           =  -1.000000E+00  0.000000E+00  0.000000E+00
 Xe (local x)           =   0.000000E+00  0.000000E+00  1.000000E+00
 TE row =   0.000000E+00  0.000000E+00  1.000000E+00
 TE row =   0.000000E+00  1.000000E+00 -0.000000E+00
 TE row =  -1.000000E+00  0.000000E+00  0.000000E+00


************************************************************
In subr BEAM with BEAM element        4
 --------------------------------------
L       =   8.625000E+00
AREA    =   1.074530E+00
I1      =   6.657470E-01
I2      =   6.657400E-01
I12     =   0.000000E+00
JTOR    =   1.331490E+00
K1      =   1.000000E+00
K2      =   1.000000E+00
E       =   2.790000E+07
G       =   1.073077E+07
SCOEFF  =   0.000000E+00
ALPHA   =   0.000000E+00
TREF    =   0.000000E+00
plane1 (UY,RZ) uses I1/K2; phi1 =   0.000000E+00
plane2 (UZ,RY) uses I2/K1; phi2 =   0.000000E+00
CBEAMBRN=        1
FAC1    =   2.894917E+04
FAC2    =   2.894887E+04
DEN     =   4.432144E-01
DELTA1  =   1.502072E+00
DELTA2  =   1.502088E+00
DELTA12 =   0.000000E+00

************************************************************


 CBEAM/CBAR AXIS DEBUG: EID =        5 TYPE = BEAM
 VX   (A->B)            =   0.000000E+00  0.000000E+00  1.000000E+01
 V13  (from input V/G0) =   0.000000E+00  1.000000E+00  0.000000E+00
 Ye (local y)           =   0.000000E+00  1.000000E+00 -0.000000E+00
 Ze (local z)           =  -1.000000E+00  0.000000E+00  0.000000E+00
 Xe (local x)           =   0.000000E+00  0.000000E+00  1.000000E+00
 TE row =   0.000000E+00  0.000000E+00  1.000000E+00
 TE row =   0.000000E+00  1.000000E+00 -0.000000E+00
 TE row =  -1.000000E+00  0.000000E+00  0.000000E+00


************************************************************
In subr BEAM with BEAM element        5
 --------------------------------------
L       =   1.000000E+01
AREA    =   1.074530E+00
I1      =   6.657470E-01
I2      =   6.657400E-01
I12     =   0.000000E+00
JTOR    =   1.331490E+00
K1      =   1.000000E+00
K2      =   1.000000E+00
E       =   2.790000E+07
G       =   1.073077E+07
SCOEFF  =   0.000000E+00
ALPHA   =   0.000000E+00
TREF    =   0.000000E+00
plane1 (UY,RZ) uses I1/K2; phi1 =   0.000000E+00
plane2 (UZ,RY) uses I2/K1; phi2 =   0.000000E+00
CBEAMBRN=        1
FAC1    =   1.857434E+04
FAC2    =   1.857415E+04
DEN     =   4.432144E-01
DELTA1  =   1.502072E+00
DELTA2  =   1.502088E+00
DELTA12 =   0.000000E+00

************************************************************


 CBEAM/CBAR AXIS DEBUG: EID =        6 TYPE = BEAM
 VX   (A->B)            =   0.000000E+00  0.000000E+00  8.625000E+00
 V13  (from input V/G0) =   0.000000E+00  1.000000E+00  0.000000E+00
 Ye (local y)           =   0.000000E+00  1.000000E+00 -0.000000E+00
 Ze (local z)           =  -1.000000E+00  0.000000E+00  0.000000E+00
 Xe (local x)           =   0.000000E+00  0.000000E+00  1.000000E+00
 TE row =   0.000000E+00  0.000000E+00  1.000000E+00
 TE row =   0.000000E+00  1.000000E+00 -0.000000E+00
 TE row =  -1.000000E+00  0.000000E+00  0.000000E+00


************************************************************
In subr BEAM with BEAM element        6
 --------------------------------------
L       =   8.625000E+00
AREA    =   1.074530E+00
I1      =   6.657470E-01
I2      =   6.657400E-01
I12     =   0.000000E+00
JTOR    =   1.331490E+00
K1      =   1.000000E+00
K2      =   1.000000E+00
E       =   2.790000E+07
G       =   1.073077E+07
SCOEFF  =   0.000000E+00
ALPHA   =   0.000000E+00
TREF    =   0.000000E+00
plane1 (UY,RZ) uses I1/K2; phi1 =   0.000000E+00
plane2 (UZ,RY) uses I2/K1; phi2 =   0.000000E+00
CBEAMBRN=        1
FAC1    =   2.894917E+04
FAC2    =   2.894887E+04
DEN     =   4.432144E-01
DELTA1  =   1.502072E+00
DELTA2  =   1.502088E+00
DELTA12 =   0.000000E+00

************************************************************


 CBEAM/CBAR AXIS DEBUG: EID =        7 TYPE = BEAM
 VX   (A->B)            =   0.000000E+00  0.000000E+00  1.000000E+01
 V13  (from input V/G0) =   0.000000E+00  1.000000E+00  0.000000E+00
 Ye (local y)           =   0.000000E+00  1.000000E+00 -0.000000E+00
 Ze (local z)           =  -1.000000E+00  0.000000E+00  0.000000E+00
 Xe (local x)           =   0.000000E+00  0.000000E+00  1.000000E+00
 TE row =   0.000000E+00  0.000000E+00  1.000000E+00
 TE row =   0.000000E+00  1.000000E+00 -0.000000E+00
 TE row =  -1.000000E+00  0.000000E+00  0.000000E+00


************************************************************
In subr BEAM with BEAM element        7
 --------------------------------------
L       =   1.000000E+01
AREA    =   1.074530E+00
I1      =   6.657470E-01
I2      =   6.657400E-01
I12     =   0.000000E+00
JTOR    =   1.331490E+00
K1      =   1.000000E+00
K2      =   1.000000E+00
E       =   2.790000E+07
G       =   1.073077E+07
SCOEFF  =   0.000000E+00
ALPHA   =   0.000000E+00
TREF    =   0.000000E+00
plane1 (UY,RZ) uses I1/K2; phi1 =   0.000000E+00
plane2 (UZ,RY) uses I2/K1; phi2 =   0.000000E+00
CBEAMBRN=        1
FAC1    =   1.857434E+04
FAC2    =   1.857415E+04
DEN     =   4.432144E-01
DELTA1  =   1.502072E+00
DELTA2  =   1.502088E+00
DELTA12 =   0.000000E+00

************************************************************


 CBEAM/CBAR AXIS DEBUG: EID =        8 TYPE = BEAM
 VX   (A->B)            =   0.000000E+00  0.000000E+00  8.625000E+00
 V13  (from input V/G0) =   0.000000E+00  1.000000E+00  0.000000E+00
 Ye (local y)           =   0.000000E+00  1.000000E+00 -0.000000E+00
 Ze (local z)           =  -1.000000E+00  0.000000E+00  0.000000E+00
 Xe (local x)           =   0.000000E+00  0.000000E+00  1.000000E+00
 TE row =   0.000000E+00  0.000000E+00  1.000000E+00
 TE row =   0.000000E+00  1.000000E+00 -0.000000E+00
 TE row =  -1.000000E+00  0.000000E+00  0.000000E+00


************************************************************
In subr BEAM with BEAM element        8
 --------------------------------------
L       =   8.625000E+00
AREA    =   1.074530E+00
I1      =   6.657470E-01
I2      =   6.657400E-01
I12     =   0.000000E+00
JTOR    =   1.331490E+00
K1      =   1.000000E+00
K2      =   1.000000E+00
E       =   2.790000E+07
G       =   1.073077E+07
SCOEFF  =   0.000000E+00
ALPHA   =   0.000000E+00
TREF    =   0.000000E+00
plane1 (UY,RZ) uses I1/K2; phi1 =   0.000000E+00
plane2 (UZ,RY) uses I2/K1; phi2 =   0.000000E+00
CBEAMBRN=        1
FAC1    =   2.894917E+04
FAC2    =   2.894887E+04
DEN     =   4.432144E-01
DELTA1  =   1.502072E+00
DELTA2  =   1.502088E+00
DELTA12 =   0.000000E+00

************************************************************


 CBEAM/CBAR AXIS DEBUG: EID =        9 TYPE = BEAM
 VX   (A->B)            =   8.625000E+00  0.000000E+00  0.000000E+00
 V13  (from input V/G0) =   0.000000E+00  0.000000E+00  1.000000E+00
 Ye (local y)           =  -0.000000E+00  0.000000E+00  1.000000E+00
 Ze (local z)           =   0.000000E+00 -1.000000E+00  0.000000E+00
 Xe (local x)           =   1.000000E+00  0.000000E+00  0.000000E+00
 TE row =   1.000000E+00  0.000000E+00  0.000000E+00
 TE row =  -0.000000E+00  0.000000E+00  1.000000E+00
 TE row =   0.000000E+00 -1.000000E+00  0.000000E+00


************************************************************
In subr BEAM with BEAM element        9
 --------------------------------------
L       =   8.625000E+00
AREA    =   1.074530E+00
I1      =   6.657470E-01
I2      =   6.657400E-01
I12     =   0.000000E+00
JTOR    =   1.331490E+00
K1      =   1.000000E+00
K2      =   1.000000E+00
E       =   2.790000E+07
G       =   1.073077E+07
SCOEFF  =   0.000000E+00
ALPHA   =   0.000000E+00
TREF    =   0.000000E+00
plane1 (UY,RZ) uses I1/K2; phi1 =   0.000000E+00
plane2 (UZ,RY) uses I2/K1; phi2 =   0.000000E+00
CBEAMBRN=        1
FAC1    =   2.894917E+04
FAC2    =   2.894887E+04
DEN     =   4.432144E-01
DELTA1  =   1.502072E+00
DELTA2  =   1.502088E+00
DELTA12 =   0.000000E+00

************************************************************


 CBEAM/CBAR AXIS DEBUG: EID =       10 TYPE = BEAM
 VX   (A->B)            =   1.000000E+01  0.000000E+00  0.000000E+00
 V13  (from input V/G0) =   0.000000E+00  0.000000E+00  1.000000E+00
 Ye (local y)           =  -0.000000E+00  0.000000E+00  1.000000E+00
 Ze (local z)           =   0.000000E+00 -1.000000E+00  0.000000E+00
 Xe (local x)           =   1.000000E+00  0.000000E+00  0.000000E+00
 TE row =   1.000000E+00  0.000000E+00  0.000000E+00
 TE row =  -0.000000E+00  0.000000E+00  1.000000E+00
 TE row =   0.000000E+00 -1.000000E+00  0.000000E+00


************************************************************
In subr BEAM with BEAM element       10
 --------------------------------------
L       =   1.000000E+01
AREA    =   1.074530E+00
I1      =   6.657470E-01
I2      =   6.657400E-01
I12     =   0.000000E+00
JTOR    =   1.331490E+00
K1      =   1.000000E+00
K2      =   1.000000E+00
E       =   2.790000E+07
G       =   1.073077E+07
SCOEFF  =   0.000000E+00
ALPHA   =   0.000000E+00
TREF    =   0.000000E+00
plane1 (UY,RZ) uses I1/K2; phi1 =   0.000000E+00
plane2 (UZ,RY) uses I2/K1; phi2 =   0.000000E+00
CBEAMBRN=        1
FAC1    =   1.857434E+04
FAC2    =   1.857415E+04
DEN     =   4.432144E-01
DELTA1  =   1.502072E+00
DELTA2  =   1.502088E+00
DELTA12 =   0.000000E+00

************************************************************


 CBEAM/CBAR AXIS DEBUG: EID =       11 TYPE = BEAM
 VX   (A->B)            =   8.625000E+00  0.000000E+00  0.000000E+00
 V13  (from input V/G0) =   0.000000E+00  0.000000E+00  1.000000E+00
 Ye (local y)           =  -0.000000E+00  0.000000E+00  1.000000E+00
 Ze (local z)           =   0.000000E+00 -1.000000E+00  0.000000E+00
 Xe (local x)           =   1.000000E+00  0.000000E+00  0.000000E+00
 TE row =   1.000000E+00  0.000000E+00  0.000000E+00
 TE row =  -0.000000E+00  0.000000E+00  1.000000E+00
 TE row =   0.000000E+00 -1.000000E+00  0.000000E+00


************************************************************
In subr BEAM with BEAM element       11
 --------------------------------------
L       =   8.625000E+00
AREA    =   1.074530E+00
I1      =   6.657470E-01
I2      =   6.657400E-01
I12     =   0.000000E+00
JTOR    =   1.331490E+00
K1      =   1.000000E+00
K2      =   1.000000E+00
E       =   2.790000E+07
G       =   1.073077E+07
SCOEFF  =   0.000000E+00
ALPHA   =   0.000000E+00
TREF    =   0.000000E+00
plane1 (UY,RZ) uses I1/K2; phi1 =   0.000000E+00
plane2 (UZ,RY) uses I2/K1; phi2 =   0.000000E+00
CBEAMBRN=        1
FAC1    =   2.894917E+04
FAC2    =   2.894887E+04
DEN     =   4.432144E-01
DELTA1  =   1.502072E+00
DELTA2  =   1.502088E+00
DELTA12 =   0.000000E+00

************************************************************


 CBEAM/CBAR AXIS DEBUG: EID =       12 TYPE = BEAM
 VX   (A->B)            =   8.625000E+00  0.000000E+00  0.000000E+00
 V13  (from input V/G0) =   0.000000E+00  0.000000E+00  1.000000E+00
 Ye (local y)           =  -0.000000E+00  0.000000E+00  1.000000E+00
 Ze (local z)           =   0.000000E+00 -1.000000E+00  0.000000E+00
 Xe (local x)           =   1.000000E+00  0.000000E+00  0.000000E+00
 TE row =   1.000000E+00  0.000000E+00  0.000000E+00
 TE row =  -0.000000E+00  0.000000E+00  1.000000E+00
 TE row =   0.000000E+00 -1.000000E+00  0.000000E+00


************************************************************
In subr BEAM with BEAM element       12
 --------------------------------------
L       =   8.625000E+00
AREA    =   1.074530E+00
I1      =   6.657470E-01
I2      =   6.657400E-01
I12     =   0.000000E+00
JTOR    =   1.331490E+00
K1      =   1.000000E+00
K2      =   1.000000E+00
E       =   2.790000E+07
G       =   1.073077E+07
SCOEFF  =   0.000000E+00
ALPHA   =   0.000000E+00
TREF    =   0.000000E+00
plane1 (UY,RZ) uses I1/K2; phi1 =   0.000000E+00
plane2 (UZ,RY) uses I2/K1; phi2 =   0.000000E+00
CBEAMBRN=        1
FAC1    =   2.894917E+04
FAC2    =   2.894887E+04
DEN     =   4.432144E-01
DELTA1  =   1.502072E+00
DELTA2  =   1.502088E+00
DELTA12 =   0.000000E+00

************************************************************


 CBEAM/CBAR AXIS DEBUG: EID =       13 TYPE = BEAM
 VX   (A->B)            =   1.000000E+01  0.000000E+00  0.000000E+00
 V13  (from input V/G0) =   0.000000E+00  0.000000E+00  1.000000E+00
 Ye (local y)           =  -0.000000E+00  0.000000E+00  1.000000E+00
 Ze (local z)           =   0.000000E+00 -1.000000E+00  0.000000E+00
 Xe (local x)           =   1.000000E+00  0.000000E+00  0.000000E+00
 TE row =   1.000000E+00  0.000000E+00  0.000000E+00
 TE row =  -0.000000E+00  0.000000E+00  1.000000E+00
 TE row =   0.000000E+00 -1.000000E+00  0.000000E+00


************************************************************
In subr BEAM with BEAM element       13
 --------------------------------------
L       =   1.000000E+01
AREA    =   1.074530E+00
I1      =   6.657470E-01
I2      =   6.657400E-01
I12     =   0.000000E+00
JTOR    =   1.331490E+00
K1      =   1.000000E+00
K2      =   1.000000E+00
E       =   2.790000E+07
G       =   1.073077E+07
SCOEFF  =   0.000000E+00
ALPHA   =   0.000000E+00
TREF    =   0.000000E+00
plane1 (UY,RZ) uses I1/K2; phi1 =   0.000000E+00
plane2 (UZ,RY) uses I2/K1; phi2 =   0.000000E+00
CBEAMBRN=        1
FAC1    =   1.857434E+04
FAC2    =   1.857415E+04
DEN     =   4.432144E-01
DELTA1  =   1.502072E+00
DELTA2  =   1.502088E+00
DELTA12 =   0.000000E+00

************************************************************


 CBEAM/CBAR AXIS DEBUG: EID =       14 TYPE = BEAM
 VX   (A->B)            =   8.625000E+00  0.000000E+00  0.000000E+00
 V13  (from input V/G0) =   0.000000E+00  0.000000E+00  1.000000E+00
 Ye (local y)           =  -0.000000E+00  0.000000E+00  1.000000E+00
 Ze (local z)           =   0.000000E+00 -1.000000E+00  0.000000E+00
 Xe (local x)           =   1.000000E+00  0.000000E+00  0.000000E+00
 TE row =   1.000000E+00  0.000000E+00  0.000000E+00
 TE row =  -0.000000E+00  0.000000E+00  1.000000E+00
 TE row =   0.000000E+00 -1.000000E+00  0.000000E+00


************************************************************
In subr BEAM with BEAM element       14
 --------------------------------------
L       =   8.625000E+00
AREA    =   1.074530E+00
I1      =   6.657470E-01
I2      =   6.657400E-01
I12     =   0.000000E+00
JTOR    =   1.331490E+00
K1      =   1.000000E+00
K2      =   1.000000E+00
E       =   2.790000E+07
G       =   1.073077E+07
SCOEFF  =   0.000000E+00
ALPHA   =   0.000000E+00
TREF    =   0.000000E+00
plane1 (UY,RZ) uses I1/K2; phi1 =   0.000000E+00
plane2 (UZ,RY) uses I2/K1; phi2 =   0.000000E+00
CBEAMBRN=        1
FAC1    =   2.894917E+04
FAC2    =   2.894887E+04
DEN     =   4.432144E-01
DELTA1  =   1.502072E+00
DELTA2  =   1.502088E+00
DELTA12 =   0.000000E+00

************************************************************


 CBEAM/CBAR AXIS DEBUG: EID =       15 TYPE = BEAM
 VX   (A->B)            =   0.000000E+00  8.625000E+00  0.000000E+00
 V13  (from input V/G0) =   0.000000E+00  0.000000E+00  1.000000E+00
 Ye (local y)           =   0.000000E+00  0.000000E+00  1.000000E+00
 Ze (local z)           =   1.000000E+00  0.000000E+00  0.000000E+00
 Xe (local x)           =   0.000000E+00  1.000000E+00  0.000000E+00
 TE row =   0.000000E+00  1.000000E+00  0.000000E+00
 TE row =   0.000000E+00  0.000000E+00  1.000000E+00
 TE row =   1.000000E+00  0.000000E+00  0.000000E+00


************************************************************
In subr BEAM with BEAM element       15
 --------------------------------------
L       =   8.625000E+00
AREA    =   1.074530E+00
I1      =   6.657470E-01
I2      =   6.657400E-01
I12     =   0.000000E+00
JTOR    =   1.331490E+00
K1      =   1.000000E+00
K2      =   1.000000E+00
E       =   2.790000E+07
G       =   1.073077E+07
SCOEFF  =   0.000000E+00
ALPHA   =   0.000000E+00
TREF    =   0.000000E+00
plane1 (UY,RZ) uses I1/K2; phi1 =   0.000000E+00
plane2 (UZ,RY) uses I2/K1; phi2 =   0.000000E+00
CBEAMBRN=        1
FAC1    =   2.894917E+04
FAC2    =   2.894887E+04
DEN     =   4.432144E-01
DELTA1  =   1.502072E+00
DELTA2  =   1.502088E+00
DELTA12 =   0.000000E+00

************************************************************


 CBEAM/CBAR AXIS DEBUG: EID =       16 TYPE = BEAM
 VX   (A->B)            =   0.000000E+00  8.625000E+00  0.000000E+00
 V13  (from input V/G0) =   0.000000E+00  0.000000E+00  1.000000E+00
 Ye (local y)           =   0.000000E+00  0.000000E+00  1.000000E+00
 Ze (local z)           =   1.000000E+00  0.000000E+00  0.000000E+00
 Xe (local x)           =   0.000000E+00  1.000000E+00  0.000000E+00
 TE row =   0.000000E+00  1.000000E+00  0.000000E+00
 TE row =   0.000000E+00  0.000000E+00  1.000000E+00
 TE row =   1.000000E+00  0.000000E+00  0.000000E+00


************************************************************
In subr BEAM with BEAM element       16
 --------------------------------------
L       =   8.625000E+00
AREA    =   1.074530E+00
I1      =   6.657470E-01
I2      =   6.657400E-01
I12     =   0.000000E+00
JTOR    =   1.331490E+00
K1      =   1.000000E+00
K2      =   1.000000E+00
E       =   2.790000E+07
G       =   1.073077E+07
SCOEFF  =   0.000000E+00
ALPHA   =   0.000000E+00
TREF    =   0.000000E+00
plane1 (UY,RZ) uses I1/K2; phi1 =   0.000000E+00
plane2 (UZ,RY) uses I2/K1; phi2 =   0.000000E+00
CBEAMBRN=        1
FAC1    =   2.894917E+04
FAC2    =   2.894887E+04
DEN     =   4.432144E-01
DELTA1  =   1.502072E+00
DELTA2  =   1.502088E+00
DELTA12 =   0.000000E+00

************************************************************


 CBEAM/CBAR AXIS DEBUG: EID =       17 TYPE = BEAM
 VX   (A->B)            =   0.000000E+00  8.625000E+00  0.000000E+00
 V13  (from input V/G0) =   0.000000E+00  0.000000E+00  1.000000E+00
 Ye (local y)           =   0.000000E+00  0.000000E+00  1.000000E+00
 Ze (local z)           =   1.000000E+00  0.000000E+00  0.000000E+00
 Xe (local x)           =   0.000000E+00  1.000000E+00  0.000000E+00
 TE row =   0.000000E+00  1.000000E+00  0.000000E+00
 TE row =   0.000000E+00  0.000000E+00  1.000000E+00
 TE row =   1.000000E+00  0.000000E+00  0.000000E+00


************************************************************
In subr BEAM with BEAM element       17
 --------------------------------------
L       =   8.625000E+00
AREA    =   1.074530E+00
I1      =   6.657470E-01
I2      =   6.657400E-01
I12     =   0.000000E+00
JTOR    =   1.331490E+00
K1      =   1.000000E+00
K2      =   1.000000E+00
E       =   2.790000E+07
G       =   1.073077E+07
SCOEFF  =   0.000000E+00
ALPHA   =   0.000000E+00
TREF    =   0.000000E+00
plane1 (UY,RZ) uses I1/K2; phi1 =   0.000000E+00
plane2 (UZ,RY) uses I2/K1; phi2 =   0.000000E+00
CBEAMBRN=        1
FAC1    =   2.894917E+04
FAC2    =   2.894887E+04
DEN     =   4.432144E-01
DELTA1  =   1.502072E+00
DELTA2  =   1.502088E+00
DELTA12 =   0.000000E+00

************************************************************


 CBEAM/CBAR AXIS DEBUG: EID =       18 TYPE = BEAM
