   424111801

 MYSTRAN Version 18.0.0   APR 20 2026 MYSTRAN developed by Dr Bill Case
*** Please report any problems to mystransolver@gmail.com ***                                                                                                                                                                                                   

 >> MYSTRAN BEGIN  :  4/24/2026 at 11:18: 1. 72 The input file is E:\mystran17\mystran\howbuild\chase_feast_add\examples\midas_eigen08_cbeam_axis_debug_lanc_feast.dat                                                                                                                                                            


 >> LINK  0 BEGIN

 *INFORMATION: NUMBER OF GRID's (INCL SPOINT's) FOR ANY ELEMENT IN THIS MODEL IS     <=            2
 *INFORMATION: NUMBER OF DOF's  FOR ANY ELEMENT IN THIS MODEL IS                     <=           12

 *INFORMATION: SPARSE MATRICES ARE STORED IN NONSYM FORMAT

 *INFORMATION: ARRAY KEG                             IS NOT IN THE LIST OF NAMES IN ARRAY "ALLOCATED_ARRAY_DATA" SO THAT SUBR,
               ALLOCATED_MEMORY                CANNOT CALC DATA FOR ARRAY "ALLOCATED_ARRAY_MEM".
               THIS IS NOT A PROBLEM WITH THIS RUN, ONLY SOMETHING NEEDING ATTENTION BY THE AUTHOR
 *INFORMATION: ARRAY OFFDIS_O                        IS NOT IN THE LIST OF NAMES IN ARRAY "ALLOCATED_ARRAY_DATA" SO THAT SUBR,
               ALLOCATED_MEMORY                CANNOT CALC DATA FOR ARRAY "ALLOCATED_ARRAY_MEM".
               THIS IS NOT A PROBLEM WITH THIS RUN, ONLY SOMETHING NEEDING ATTENTION BY THE AUTHOR
 *INFORMATION: ARRAY OFFDIS_B                        IS NOT IN THE LIST OF NAMES IN ARRAY "ALLOCATED_ARRAY_DATA" SO THAT SUBR,
               ALLOCATED_MEMORY                CANNOT CALC DATA FOR ARRAY "ALLOCATED_ARRAY_MEM".
               THIS IS NOT A PROBLEM WITH THIS RUN, ONLY SOMETHING NEEDING ATTENTION BY THE AUTHOR
 *INFORMATION: ARRAY OFFDIS_G                        IS NOT IN THE LIST OF NAMES IN ARRAY "ALLOCATED_ARRAY_DATA" SO THAT SUBR,
               ALLOCATED_MEMORY                CANNOT CALC DATA FOR ARRAY "ALLOCATED_ARRAY_MEM".
               THIS IS NOT A PROBLEM WITH THIS RUN, ONLY SOMETHING NEEDING ATTENTION BY THE AUTHOR
 *INFORMATION: NUMBER OF GRID POINTS                                                  =           18
 *INFORMATION: NUMBER OF G SET DEGREES OF FREEDOM (NDOFG)                             =          108

 *INFORMATION: TOTAL NUMBER OF ELEMENTS (NELE)                                        =           18

 *INFORMATION: ARRAY KEG                             IS NOT IN THE LIST OF NAMES IN ARRAY "ALLOCATED_ARRAY_DATA" SO THAT SUBR,
               ALLOCATED_MEMORY                CANNOT CALC DATA FOR ARRAY "ALLOCATED_ARRAY_MEM".
               THIS IS NOT A PROBLEM WITH THIS RUN, ONLY SOMETHING NEEDING ATTENTION BY THE AUTHOR
 *INFORMATION: ARRAY OFFDIS_O                        IS NOT IN THE LIST OF NAMES IN ARRAY "ALLOCATED_ARRAY_DATA" SO THAT SUBR,
               ALLOCATED_MEMORY                CANNOT CALC DATA FOR ARRAY "ALLOCATED_ARRAY_MEM".
               THIS IS NOT A PROBLEM WITH THIS RUN, ONLY SOMETHING NEEDING ATTENTION BY THE AUTHOR
 *INFORMATION: ARRAY OFFDIS_B                        IS NOT IN THE LIST OF NAMES IN ARRAY "ALLOCATED_ARRAY_DATA" SO THAT SUBR,
               ALLOCATED_MEMORY                CANNOT CALC DATA FOR ARRAY "ALLOCATED_ARRAY_MEM".
               THIS IS NOT A PROBLEM WITH THIS RUN, ONLY SOMETHING NEEDING ATTENTION BY THE AUTHOR
 *INFORMATION: ARRAY OFFDIS_G                        IS NOT IN THE LIST OF NAMES IN ARRAY "ALLOCATED_ARRAY_DATA" SO THAT SUBR,
               ALLOCATED_MEMORY                CANNOT CALC DATA FOR ARRAY "ALLOCATED_ARRAY_MEM".
               THIS IS NOT A PROBLEM WITH THIS RUN, ONLY SOMETHING NEEDING ATTENTION BY THE AUTHOR

 >> LINK  1 BEGIN

 *INFORMATION: ARRAY KEG                             IS NOT IN THE LIST OF NAMES IN ARRAY "ALLOCATED_ARRAY_DATA" SO THAT SUBR,
               ALLOCATED_MEMORY                CANNOT CALC DATA FOR ARRAY "ALLOCATED_ARRAY_MEM".
               THIS IS NOT A PROBLEM WITH THIS RUN, ONLY SOMETHING NEEDING ATTENTION BY THE AUTHOR
 *INFORMATION: ARRAY OFFDIS_O                        IS NOT IN THE LIST OF NAMES IN ARRAY "ALLOCATED_ARRAY_DATA" SO THAT SUBR,
               ALLOCATED_MEMORY                CANNOT CALC DATA FOR ARRAY "ALLOCATED_ARRAY_MEM".
               THIS IS NOT A PROBLEM WITH THIS RUN, ONLY SOMETHING NEEDING ATTENTION BY THE AUTHOR
 *INFORMATION: ARRAY OFFDIS_B                        IS NOT IN THE LIST OF NAMES IN ARRAY "ALLOCATED_ARRAY_DATA" SO THAT SUBR,
               ALLOCATED_MEMORY                CANNOT CALC DATA FOR ARRAY "ALLOCATED_ARRAY_MEM".
               THIS IS NOT A PROBLEM WITH THIS RUN, ONLY SOMETHING NEEDING ATTENTION BY THE AUTHOR
 *INFORMATION: ARRAY OFFDIS_G                        IS NOT IN THE LIST OF NAMES IN ARRAY "ALLOCATED_ARRAY_DATA" SO THAT SUBR,
               ALLOCATED_MEMORY                CANNOT CALC DATA FOR ARRAY "ALLOCATED_ARRAY_MEM".
               THIS IS NOT A PROBLEM WITH THIS RUN, ONLY SOMETHING NEEDING ATTENTION BY THE AUTHOR
 *INFORMATION: IN EMPO_0: ESTIMATE OF NUMBER OF NONZEROS IN MASS MATRIX MGGE IS       =         2592 BASED ON PARAM SETLKTM =   0
 *INFORMATION: NUMBER OF NONZERO TERMS IN THE MGGE MASS MATRIX (ELEMS) IS             =            0

 *INFORMATION: NUMBER OF NONZERO TERMS IN THE MGG MASS MATRIX (ELEMS + CONM) IS       =           42

 *INFORMATION: MAX NUMBER OF NONZERO TERMS IN A ROW OF THE G-SET MASS MATRIX          =            1

 *INFORMATION: IN ESPO_0: ESTIMATE OF NUMBER OF NONZEROS IN STIFF MATRIX KGG IS       =         2592 BASED ON PARAM SETLKTK =   0
               ALLOCATED    4.32E-04 MB MEMORY TO   ARRAY STFKEY
               ALLOCATED    4.15E-02 MB MEMORY TO   ARRAY STF3
               ALLOCATED    4.15E-02 MB MEMORY TO   ARRAY STF3
 *INFORMATION: NUMBER OF NONZERO TERMS IN THE KGG STIFFNESS MATRIX IS                 =          564

 *INFORMATION: MAX NUMBER OF NONZERO TERMS IN A ROW OF THE G-SET STIFFNESS MATRIX     =            8

 *INFORMATION: ARRAY KEG                             IS NOT IN THE LIST OF NAMES IN ARRAY "ALLOCATED_ARRAY_DATA" SO THAT SUBR,
               ALLOCATED_MEMORY                CANNOT CALC DATA FOR ARRAY "ALLOCATED_ARRAY_MEM".
               THIS IS NOT A PROBLEM WITH THIS RUN, ONLY SOMETHING NEEDING ATTENTION BY THE AUTHOR
 *INFORMATION: ARRAY OFFDIS_O                        IS NOT IN THE LIST OF NAMES IN ARRAY "ALLOCATED_ARRAY_DATA" SO THAT SUBR,
               ALLOCATED_MEMORY                CANNOT CALC DATA FOR ARRAY "ALLOCATED_ARRAY_MEM".
               THIS IS NOT A PROBLEM WITH THIS RUN, ONLY SOMETHING NEEDING ATTENTION BY THE AUTHOR
 *INFORMATION: ARRAY OFFDIS_B                        IS NOT IN THE LIST OF NAMES IN ARRAY "ALLOCATED_ARRAY_DATA" SO THAT SUBR,
               ALLOCATED_MEMORY                CANNOT CALC DATA FOR ARRAY "ALLOCATED_ARRAY_MEM".
               THIS IS NOT A PROBLEM WITH THIS RUN, ONLY SOMETHING NEEDING ATTENTION BY THE AUTHOR
 *INFORMATION: ARRAY OFFDIS_G                        IS NOT IN THE LIST OF NAMES IN ARRAY "ALLOCATED_ARRAY_DATA" SO THAT SUBR,
               ALLOCATED_MEMORY                CANNOT CALC DATA FOR ARRAY "ALLOCATED_ARRAY_MEM".
               THIS IS NOT A PROBLEM WITH THIS RUN, ONLY SOMETHING NEEDING ATTENTION BY THE AUTHOR

 >> LINK  2 BEGIN

 *INFORMATION: ARRAY KAAD   IS NOT IN THE LIST OF NAMES IN ARRAY "ALLOCATED_ARRAY_DATA" SO THAT SUBR,
               ALLOCATED_MEMORY                CANNOT CALC DATA FOR ARRAY "ALLOCATED_ARRAY_MEM".
               THIS IS NOT A PROBLEM WITH THIS RUN, ONLY SOMETHING NEEDING ATTENTION BY THE AUTHOR
 *INFORMATION: ARRAY KAOD   IS NOT IN THE LIST OF NAMES IN ARRAY "ALLOCATED_ARRAY_DATA" SO THAT SUBR,
               ALLOCATED_MEMORY                CANNOT CALC DATA FOR ARRAY "ALLOCATED_ARRAY_MEM".
               THIS IS NOT A PROBLEM WITH THIS RUN, ONLY SOMETHING NEEDING ATTENTION BY THE AUTHOR
 *INFORMATION: ARRAY KFFD   IS NOT IN THE LIST OF NAMES IN ARRAY "ALLOCATED_ARRAY_DATA" SO THAT SUBR,
               ALLOCATED_MEMORY                CANNOT CALC DATA FOR ARRAY "ALLOCATED_ARRAY_MEM".
               THIS IS NOT A PROBLEM WITH THIS RUN, ONLY SOMETHING NEEDING ATTENTION BY THE AUTHOR
 *INFORMATION: ARRAY KFSD   IS NOT IN THE LIST OF NAMES IN ARRAY "ALLOCATED_ARRAY_DATA" SO THAT SUBR,
               ALLOCATED_MEMORY                CANNOT CALC DATA FOR ARRAY "ALLOCATED_ARRAY_MEM".
               THIS IS NOT A PROBLEM WITH THIS RUN, ONLY SOMETHING NEEDING ATTENTION BY THE AUTHOR
 *INFORMATION: ARRAY KFSDe  IS NOT IN THE LIST OF NAMES IN ARRAY "ALLOCATED_ARRAY_DATA" SO THAT SUBR,
               ALLOCATED_MEMORY                CANNOT CALC DATA FOR ARRAY "ALLOCATED_ARRAY_MEM".
               THIS IS NOT A PROBLEM WITH THIS RUN, ONLY SOMETHING NEEDING ATTENTION BY THE AUTHOR
 *INFORMATION: ARRAY KLLD   IS NOT IN THE LIST OF NAMES IN ARRAY "ALLOCATED_ARRAY_DATA" SO THAT SUBR,
               ALLOCATED_MEMORY                CANNOT CALC DATA FOR ARRAY "ALLOCATED_ARRAY_MEM".
               THIS IS NOT A PROBLEM WITH THIS RUN, ONLY SOMETHING NEEDING ATTENTION BY THE AUTHOR
 *INFORMATION: ARRAY KLLDn  IS NOT IN THE LIST OF NAMES IN ARRAY "ALLOCATED_ARRAY_DATA" SO THAT SUBR,
               ALLOCATED_MEMORY                CANNOT CALC DATA FOR ARRAY "ALLOCATED_ARRAY_MEM".
               THIS IS NOT A PROBLEM WITH THIS RUN, ONLY SOMETHING NEEDING ATTENTION BY THE AUTHOR
 *INFORMATION: ARRAY KMMD   IS NOT IN THE LIST OF NAMES IN ARRAY "ALLOCATED_ARRAY_DATA" SO THAT SUBR,
               ALLOCATED_MEMORY                CANNOT CALC DATA FOR ARRAY "ALLOCATED_ARRAY_MEM".
               THIS IS NOT A PROBLEM WITH THIS RUN, ONLY SOMETHING NEEDING ATTENTION BY THE AUTHOR
 *INFORMATION: ARRAY KMND   IS NOT IN THE LIST OF NAMES IN ARRAY "ALLOCATED_ARRAY_DATA" SO THAT SUBR,
               ALLOCATED_MEMORY                CANNOT CALC DATA FOR ARRAY "ALLOCATED_ARRAY_MEM".
               THIS IS NOT A PROBLEM WITH THIS RUN, ONLY SOMETHING NEEDING ATTENTION BY THE AUTHOR
 *INFORMATION: ARRAY KNMD   IS NOT IN THE LIST OF NAMES IN ARRAY "ALLOCATED_ARRAY_DATA" SO THAT SUBR,
               ALLOCATED_MEMORY                CANNOT CALC DATA FOR ARRAY "ALLOCATED_ARRAY_MEM".
               THIS IS NOT A PROBLEM WITH THIS RUN, ONLY SOMETHING NEEDING ATTENTION BY THE AUTHOR
 *INFORMATION: ARRAY KNND   IS NOT IN THE LIST OF NAMES IN ARRAY "ALLOCATED_ARRAY_DATA" SO THAT SUBR,
               ALLOCATED_MEMORY                CANNOT CALC DATA FOR ARRAY "ALLOCATED_ARRAY_MEM".
               THIS IS NOT A PROBLEM WITH THIS RUN, ONLY SOMETHING NEEDING ATTENTION BY THE AUTHOR
 *INFORMATION: ARRAY KOOD   IS NOT IN THE LIST OF NAMES IN ARRAY "ALLOCATED_ARRAY_DATA" SO THAT SUBR,
               ALLOCATED_MEMORY                CANNOT CALC DATA FOR ARRAY "ALLOCATED_ARRAY_MEM".
               THIS IS NOT A PROBLEM WITH THIS RUN, ONLY SOMETHING NEEDING ATTENTION BY THE AUTHOR
 *INFORMATION: ARRAY KOODs  IS NOT IN THE LIST OF NAMES IN ARRAY "ALLOCATED_ARRAY_DATA" SO THAT SUBR,
               ALLOCATED_MEMORY                CANNOT CALC DATA FOR ARRAY "ALLOCATED_ARRAY_MEM".
               THIS IS NOT A PROBLEM WITH THIS RUN, ONLY SOMETHING NEEDING ATTENTION BY THE AUTHOR
 *INFORMATION: ARRAY KRLD   IS NOT IN THE LIST OF NAMES IN ARRAY "ALLOCATED_ARRAY_DATA" SO THAT SUBR,
               ALLOCATED_MEMORY                CANNOT CALC DATA FOR ARRAY "ALLOCATED_ARRAY_MEM".
               THIS IS NOT A PROBLEM WITH THIS RUN, ONLY SOMETHING NEEDING ATTENTION BY THE AUTHOR
 *INFORMATION: ARRAY KRRD   IS NOT IN THE LIST OF NAMES IN ARRAY "ALLOCATED_ARRAY_DATA" SO THAT SUBR,
               ALLOCATED_MEMORY                CANNOT CALC DATA FOR ARRAY "ALLOCATED_ARRAY_MEM".
               THIS IS NOT A PROBLEM WITH THIS RUN, ONLY SOMETHING NEEDING ATTENTION BY THE AUTHOR
 *INFORMATION: ARRAY KSSD   IS NOT IN THE LIST OF NAMES IN ARRAY "ALLOCATED_ARRAY_DATA" SO THAT SUBR,
               ALLOCATED_MEMORY                CANNOT CALC DATA FOR ARRAY "ALLOCATED_ARRAY_MEM".
               THIS IS NOT A PROBLEM WITH THIS RUN, ONLY SOMETHING NEEDING ATTENTION BY THE AUTHOR
 *INFORMATION: ARRAY KSSDe  IS NOT IN THE LIST OF NAMES IN ARRAY "ALLOCATED_ARRAY_DATA" SO THAT SUBR,
               ALLOCATED_MEMORY                CANNOT CALC DATA FOR ARRAY "ALLOCATED_ARRAY_MEM".
               THIS IS NOT A PROBLEM WITH THIS RUN, ONLY SOMETHING NEEDING ATTENTION BY THE AUTHOR
 *INFORMATION: ARRAY PHIXG  IS NOT IN THE LIST OF NAMES IN ARRAY "ALLOCATED_ARRAY_DATA" SO THAT SUBR,
               ALLOCATED_MEMORY                CANNOT CALC DATA FOR ARRAY "ALLOCATED_ARRAY_MEM".
               THIS IS NOT A PROBLEM WITH THIS RUN, ONLY SOMETHING NEEDING ATTENTION BY THE AUTHOR
 *INFORMATION: BASED ON PARAMETER AUTOSPC_NSET =  1 MYSTRAN IS CHECKING KNN TO SEE IF THERE ARE NULL ROWS THAT SHOULD BE AUTOSPC'd

 *INFORMATION: MYSTRAN FOUND NO N-SET DOF's THAT WERE SINGULAR AND THAT WERE NOT ALREADY MEMBERS OF THE S-SET

 *INFORMATION: NUMBER OF  M SET DEGREES OF FREEDOM (NDOFM)                            =            0
 *INFORMATION: NUMBER OF  N SET DEGREES OF FREEDOM (NDOFN)                            =          108
 *INFORMATION: NUMBER OF  S SET DEGREES OF FREEDOM (NDOFS)                            =           24
 *INFORMATION: NUMBER OF SA SET DEGREES OF FREEDOM (NDOFSA)                           =            0
 *INFORMATION: NUMBER OF  F SET DEGREES OF FREEDOM (NDOFF)                            =           84
 *INFORMATION: NUMBER OF  O SET DEGREES OF FREEDOM (NDOFO)                            =            0
 *INFORMATION: NUMBER OF  A SET DEGREES OF FREEDOM (NDOFA)                            =           84
 *INFORMATION: NUMBER OF  R SET DEGREES OF FREEDOM (NDOFR)                            =            0
 *INFORMATION: NUMBER OF  L SET DEGREES OF FREEDOM (NDOFL)                            =           84

 *INFORMATION: NUMBER OF NONZERO TERMS IN THE KLL STIFFNESS MATRIX IS                 =          444

 *INFORMATION: NUMBER OF NONZERO TERMS IN THE MLL MASS MATRIX IS                      =           42

 *INFORMATION: NUMBER OF NONZERO TERMS IN THE PL LOAD MATRIX IS                       =            0

 *INFORMATION: ARRAY KAAD   IS NOT IN THE LIST OF NAMES IN ARRAY "ALLOCATED_ARRAY_DATA" SO THAT SUBR,
               ALLOCATED_MEMORY                CANNOT CALC DATA FOR ARRAY "ALLOCATED_ARRAY_MEM".
               THIS IS NOT A PROBLEM WITH THIS RUN, ONLY SOMETHING NEEDING ATTENTION BY THE AUTHOR
 *INFORMATION: ARRAY KAOD   IS NOT IN THE LIST OF NAMES IN ARRAY "ALLOCATED_ARRAY_DATA" SO THAT SUBR,
               ALLOCATED_MEMORY                CANNOT CALC DATA FOR ARRAY "ALLOCATED_ARRAY_MEM".
               THIS IS NOT A PROBLEM WITH THIS RUN, ONLY SOMETHING NEEDING ATTENTION BY THE AUTHOR
 *INFORMATION: ARRAY KFFD   IS NOT IN THE LIST OF NAMES IN ARRAY "ALLOCATED_ARRAY_DATA" SO THAT SUBR,
               ALLOCATED_MEMORY                CANNOT CALC DATA FOR ARRAY "ALLOCATED_ARRAY_MEM".
               THIS IS NOT A PROBLEM WITH THIS RUN, ONLY SOMETHING NEEDING ATTENTION BY THE AUTHOR
 *INFORMATION: ARRAY KFSD   IS NOT IN THE LIST OF NAMES IN ARRAY "ALLOCATED_ARRAY_DATA" SO THAT SUBR,
               ALLOCATED_MEMORY                CANNOT CALC DATA FOR ARRAY "ALLOCATED_ARRAY_MEM".
               THIS IS NOT A PROBLEM WITH THIS RUN, ONLY SOMETHING NEEDING ATTENTION BY THE AUTHOR
 *INFORMATION: ARRAY KFSDe  IS NOT IN THE LIST OF NAMES IN ARRAY "ALLOCATED_ARRAY_DATA" SO THAT SUBR,
               ALLOCATED_MEMORY                CANNOT CALC DATA FOR ARRAY "ALLOCATED_ARRAY_MEM".
               THIS IS NOT A PROBLEM WITH THIS RUN, ONLY SOMETHING NEEDING ATTENTION BY THE AUTHOR
 *INFORMATION: ARRAY KLLD   IS NOT IN THE LIST OF NAMES IN ARRAY "ALLOCATED_ARRAY_DATA" SO THAT SUBR,
               ALLOCATED_MEMORY                CANNOT CALC DATA FOR ARRAY "ALLOCATED_ARRAY_MEM".
               THIS IS NOT A PROBLEM WITH THIS RUN, ONLY SOMETHING NEEDING ATTENTION BY THE AUTHOR
 *INFORMATION: ARRAY KLLDn  IS NOT IN THE LIST OF NAMES IN ARRAY "ALLOCATED_ARRAY_DATA" SO THAT SUBR,
               ALLOCATED_MEMORY                CANNOT CALC DATA FOR ARRAY "ALLOCATED_ARRAY_MEM".
               THIS IS NOT A PROBLEM WITH THIS RUN, ONLY SOMETHING NEEDING ATTENTION BY THE AUTHOR
 *INFORMATION: ARRAY KMMD   IS NOT IN THE LIST OF NAMES IN ARRAY "ALLOCATED_ARRAY_DATA" SO THAT SUBR,
               ALLOCATED_MEMORY                CANNOT CALC DATA FOR ARRAY "ALLOCATED_ARRAY_MEM".
               THIS IS NOT A PROBLEM WITH THIS RUN, ONLY SOMETHING NEEDING ATTENTION BY THE AUTHOR
 *INFORMATION: ARRAY KMND   IS NOT IN THE LIST OF NAMES IN ARRAY "ALLOCATED_ARRAY_DATA" SO THAT SUBR,
               ALLOCATED_MEMORY                CANNOT CALC DATA FOR ARRAY "ALLOCATED_ARRAY_MEM".
               THIS IS NOT A PROBLEM WITH THIS RUN, ONLY SOMETHING NEEDING ATTENTION BY THE AUTHOR
 *INFORMATION: ARRAY KNMD   IS NOT IN THE LIST OF NAMES IN ARRAY "ALLOCATED_ARRAY_DATA" SO THAT SUBR,
               ALLOCATED_MEMORY                CANNOT CALC DATA FOR ARRAY "ALLOCATED_ARRAY_MEM".
               THIS IS NOT A PROBLEM WITH THIS RUN, ONLY SOMETHING NEEDING ATTENTION BY THE AUTHOR
 *INFORMATION: ARRAY KNND   IS NOT IN THE LIST OF NAMES IN ARRAY "ALLOCATED_ARRAY_DATA" SO THAT SUBR,
               ALLOCATED_MEMORY                CANNOT CALC DATA FOR ARRAY "ALLOCATED_ARRAY_MEM".
               THIS IS NOT A PROBLEM WITH THIS RUN, ONLY SOMETHING NEEDING ATTENTION BY THE AUTHOR
 *INFORMATION: ARRAY KOOD   IS NOT IN THE LIST OF NAMES IN ARRAY "ALLOCATED_ARRAY_DATA" SO THAT SUBR,
               ALLOCATED_MEMORY                CANNOT CALC DATA FOR ARRAY "ALLOCATED_ARRAY_MEM".
               THIS IS NOT A PROBLEM WITH THIS RUN, ONLY SOMETHING NEEDING ATTENTION BY THE AUTHOR
 *INFORMATION: ARRAY KOODs  IS NOT IN THE LIST OF NAMES IN ARRAY "ALLOCATED_ARRAY_DATA" SO THAT SUBR,
               ALLOCATED_MEMORY                CANNOT CALC DATA FOR ARRAY "ALLOCATED_ARRAY_MEM".
               THIS IS NOT A PROBLEM WITH THIS RUN, ONLY SOMETHING NEEDING ATTENTION BY THE AUTHOR
 *INFORMATION: ARRAY KRLD   IS NOT IN THE LIST OF NAMES IN ARRAY "ALLOCATED_ARRAY_DATA" SO THAT SUBR,
               ALLOCATED_MEMORY                CANNOT CALC DATA FOR ARRAY "ALLOCATED_ARRAY_MEM".
               THIS IS NOT A PROBLEM WITH THIS RUN, ONLY SOMETHING NEEDING ATTENTION BY THE AUTHOR
 *INFORMATION: ARRAY KRRD   IS NOT IN THE LIST OF NAMES IN ARRAY "ALLOCATED_ARRAY_DATA" SO THAT SUBR,
               ALLOCATED_MEMORY                CANNOT CALC DATA FOR ARRAY "ALLOCATED_ARRAY_MEM".
               THIS IS NOT A PROBLEM WITH THIS RUN, ONLY SOMETHING NEEDING ATTENTION BY THE AUTHOR
 *INFORMATION: ARRAY KSSD   IS NOT IN THE LIST OF NAMES IN ARRAY "ALLOCATED_ARRAY_DATA" SO THAT SUBR,
               ALLOCATED_MEMORY                CANNOT CALC DATA FOR ARRAY "ALLOCATED_ARRAY_MEM".
               THIS IS NOT A PROBLEM WITH THIS RUN, ONLY SOMETHING NEEDING ATTENTION BY THE AUTHOR
 *INFORMATION: ARRAY KSSDe  IS NOT IN THE LIST OF NAMES IN ARRAY "ALLOCATED_ARRAY_DATA" SO THAT SUBR,
               ALLOCATED_MEMORY                CANNOT CALC DATA FOR ARRAY "ALLOCATED_ARRAY_MEM".
               THIS IS NOT A PROBLEM WITH THIS RUN, ONLY SOMETHING NEEDING ATTENTION BY THE AUTHOR
 *INFORMATION: ARRAY PHIXG  IS NOT IN THE LIST OF NAMES IN ARRAY "ALLOCATED_ARRAY_DATA" SO THAT SUBR,
               ALLOCATED_MEMORY                CANNOT CALC DATA FOR ARRAY "ALLOCATED_ARRAY_MEM".
               THIS IS NOT A PROBLEM WITH THIS RUN, ONLY SOMETHING NEEDING ATTENTION BY THE AUTHOR
 *INFORMATION: ARRAY KGGD   IS NOT IN THE LIST OF NAMES IN ARRAY "ALLOCATED_ARRAY_DATA" SO THAT SUBR,
               ALLOCATED_MEMORY                CANNOT CALC DATA FOR ARRAY "ALLOCATED_ARRAY_MEM".
               THIS IS NOT A PROBLEM WITH THIS RUN, ONLY SOMETHING NEEDING ATTENTION BY THE AUTHOR

 >> LINK  4 BEGIN

 *WARNING 4915: FEAST NATIVE REQUIRES EIGRL FREQUENCY INTERVAL (V1/V2). USING ARPACK LANCZOS FALLBACK.
 *INFORMATION: NUMBER OF SUPERDIAGONALS IN THE KMSM = [KLL - sigma*MLL] MATRIX UPPER TRIANGLE IS      =           53

 *WARNING    : THE L-SET MASS MATRIX HAS ONLY       42 NONZEROS ON ITS DIAGONAL. THERE ARE NO MORE FINITE EIGENVALUES BEYOND THIS NUMBER
               (NOTE: USE OF BULK DATA PARAM ART_MASS WITH SMALL VALUE MAY ALLOW MGIV TO FIND MORE EIGENVALUES)
 *INFORMATION: THE ACTUAL NUMBER OF ARNOLDI UPDATE ITERATIONS TAKEN IN THE SOLUTION FOR THE EIGENVALUES WAS =        0

 >> LINK  5 BEGIN

 *INFORMATION: EIGENVECTORS WERE NORMALIZED TO MASS IN LINK4

 *INFORMATION: ARRAY UG_T123_MAT IS NOT IN THE LIST OF NAMES IN ARRAY "ALLOCATED_ARRAY_DATA" SO THAT SUBR,
               ALLOCATED_MEMORY                CANNOT CALC DATA FOR ARRAY "ALLOCATED_ARRAY_MEM".
               THIS IS NOT A PROBLEM WITH THIS RUN, ONLY SOMETHING NEEDING ATTENTION BY THE AUTHOR
 *INFORMATION: ARRAY UG_T123_MAT IS NOT IN THE LIST OF NAMES IN ARRAY "ALLOCATED_ARRAY_DATA" SO THAT SUBR,
               ALLOCATED_MEMORY                CANNOT CALC DATA FOR ARRAY "ALLOCATED_ARRAY_MEM".
               THIS IS NOT A PROBLEM WITH THIS RUN, ONLY SOMETHING NEEDING ATTENTION BY THE AUTHOR
 *INFORMATION: ARRAY UG_T123_MAT IS NOT IN THE LIST OF NAMES IN ARRAY "ALLOCATED_ARRAY_DATA" SO THAT SUBR,
               ALLOCATED_MEMORY                CANNOT CALC DATA FOR ARRAY "ALLOCATED_ARRAY_MEM".
               THIS IS NOT A PROBLEM WITH THIS RUN, ONLY SOMETHING NEEDING ATTENTION BY THE AUTHOR
 *INFORMATION: ARRAY UG_T123_MAT IS NOT IN THE LIST OF NAMES IN ARRAY "ALLOCATED_ARRAY_DATA" SO THAT SUBR,
               ALLOCATED_MEMORY                CANNOT CALC DATA FOR ARRAY "ALLOCATED_ARRAY_MEM".
               THIS IS NOT A PROBLEM WITH THIS RUN, ONLY SOMETHING NEEDING ATTENTION BY THE AUTHOR
 *INFORMATION: ARRAY UG_T123_MAT IS NOT IN THE LIST OF NAMES IN ARRAY "ALLOCATED_ARRAY_DATA" SO THAT SUBR,
               ALLOCATED_MEMORY                CANNOT CALC DATA FOR ARRAY "ALLOCATED_ARRAY_MEM".
               THIS IS NOT A PROBLEM WITH THIS RUN, ONLY SOMETHING NEEDING ATTENTION BY THE AUTHOR
 *INFORMATION: ARRAY UG_T123_MAT IS NOT IN THE LIST OF NAMES IN ARRAY "ALLOCATED_ARRAY_DATA" SO THAT SUBR,
               ALLOCATED_MEMORY                CANNOT CALC DATA FOR ARRAY "ALLOCATED_ARRAY_MEM".
               THIS IS NOT A PROBLEM WITH THIS RUN, ONLY SOMETHING NEEDING ATTENTION BY THE AUTHOR
 *INFORMATION: ARRAY UG_T123_MAT IS NOT IN THE LIST OF NAMES IN ARRAY "ALLOCATED_ARRAY_DATA" SO THAT SUBR,
               ALLOCATED_MEMORY                CANNOT CALC DATA FOR ARRAY "ALLOCATED_ARRAY_MEM".
               THIS IS NOT A PROBLEM WITH THIS RUN, ONLY SOMETHING NEEDING ATTENTION BY THE AUTHOR
 *INFORMATION: ARRAY UG_T123_MAT IS NOT IN THE LIST OF NAMES IN ARRAY "ALLOCATED_ARRAY_DATA" SO THAT SUBR,
               ALLOCATED_MEMORY                CANNOT CALC DATA FOR ARRAY "ALLOCATED_ARRAY_MEM".
               THIS IS NOT A PROBLEM WITH THIS RUN, ONLY SOMETHING NEEDING ATTENTION BY THE AUTHOR
 *INFORMATION: ARRAY UG_T123_MAT IS NOT IN THE LIST OF NAMES IN ARRAY "ALLOCATED_ARRAY_DATA" SO THAT SUBR,
               ALLOCATED_MEMORY                CANNOT CALC DATA FOR ARRAY "ALLOCATED_ARRAY_MEM".
               THIS IS NOT A PROBLEM WITH THIS RUN, ONLY SOMETHING NEEDING ATTENTION BY THE AUTHOR

 >> LINK  9 BEGIN

 *INFORMATION: ARRAY KEG                             IS NOT IN THE LIST OF NAMES IN ARRAY "ALLOCATED_ARRAY_DATA" SO THAT SUBR,
               ALLOCATED_MEMORY                CANNOT CALC DATA FOR ARRAY "ALLOCATED_ARRAY_MEM".
               THIS IS NOT A PROBLEM WITH THIS RUN, ONLY SOMETHING NEEDING ATTENTION BY THE AUTHOR
 *INFORMATION: ARRAY OFFDIS_O                        IS NOT IN THE LIST OF NAMES IN ARRAY "ALLOCATED_ARRAY_DATA" SO THAT SUBR,
               ALLOCATED_MEMORY                CANNOT CALC DATA FOR ARRAY "ALLOCATED_ARRAY_MEM".
               THIS IS NOT A PROBLEM WITH THIS RUN, ONLY SOMETHING NEEDING ATTENTION BY THE AUTHOR
 *INFORMATION: ARRAY OFFDIS_B                        IS NOT IN THE LIST OF NAMES IN ARRAY "ALLOCATED_ARRAY_DATA" SO THAT SUBR,
               ALLOCATED_MEMORY                CANNOT CALC DATA FOR ARRAY "ALLOCATED_ARRAY_MEM".
               THIS IS NOT A PROBLEM WITH THIS RUN, ONLY SOMETHING NEEDING ATTENTION BY THE AUTHOR
 *INFORMATION: ARRAY OFFDIS_G                        IS NOT IN THE LIST OF NAMES IN ARRAY "ALLOCATED_ARRAY_DATA" SO THAT SUBR,
               ALLOCATED_MEMORY                CANNOT CALC DATA FOR ARRAY "ALLOCATED_ARRAY_MEM".
               THIS IS NOT A PROBLEM WITH THIS RUN, ONLY SOMETHING NEEDING ATTENTION BY THE AUTHOR
 *WARNING    : ACCELERATION REQUESTS ONLY PROGRAMMED IN CB MODEL SOLUTION
 *DEBUG:    RUNNING=OFP1 - disp, accel and applied force output
 *DEBUG:      WHAT=DISP; NGRID      18; NREQ=       0; SC_OUT_REQ=       0
 *DEBUG:    RUNNING=OFP2 - SPC and MPC force
 *DEBUG:    RUNNING=OFP2 - SPC
 *DEBUG:    ITABLE BAD=  -1
 - - - - - - - - - - - - - - - - - - - - - - - - - - - - - - - - - - - - - - - - - - - - - - - - - - - - - - - - - -
 *INFORMATION: Due to DEBUG(176) =   0
               Plate elem engr forces and stresses will be calculated by multiplying strains by the material matrix
               Strains are calculated using the strain-displ matrices:
               BE1 (membrane), BE2 (bending), BE3 (transverse shear) times displacements
 - - - - - - - - - - - - - - - - - - - - - - - - - - - - - - - - - - - - - - - - - - - - - - - - - - - - - - - - - -
*DEBUG:      OEF_END 1D:    TABLE_NAMEOEF ERR 
*DEBUG:      OEF_END 2D:    TABLE_NAMEOEF ERR 
*DEBUG:      OES_PCOMP_END:    TABLE_NAMEOES1C   
*DEBUG:      OSTR_PCOMP_END:    TABLE_NAMEOSTR1C  
 *INFORMATION: ARRAY KEG                             IS NOT IN THE LIST OF NAMES IN ARRAY "ALLOCATED_ARRAY_DATA" SO THAT SUBR,
               ALLOCATED_MEMORY                CANNOT CALC DATA FOR ARRAY "ALLOCATED_ARRAY_MEM".
               THIS IS NOT A PROBLEM WITH THIS RUN, ONLY SOMETHING NEEDING ATTENTION BY THE AUTHOR
 *INFORMATION: ARRAY OFFDIS_O                        IS NOT IN THE LIST OF NAMES IN ARRAY "ALLOCATED_ARRAY_DATA" SO THAT SUBR,
               ALLOCATED_MEMORY                CANNOT CALC DATA FOR ARRAY "ALLOCATED_ARRAY_MEM".
               THIS IS NOT A PROBLEM WITH THIS RUN, ONLY SOMETHING NEEDING ATTENTION BY THE AUTHOR
 *INFORMATION: ARRAY OFFDIS_B                        IS NOT IN THE LIST OF NAMES IN ARRAY "ALLOCATED_ARRAY_DATA" SO THAT SUBR,
               ALLOCATED_MEMORY                CANNOT CALC DATA FOR ARRAY "ALLOCATED_ARRAY_MEM".
               THIS IS NOT A PROBLEM WITH THIS RUN, ONLY SOMETHING NEEDING ATTENTION BY THE AUTHOR
 *INFORMATION: ARRAY OFFDIS_G                        IS NOT IN THE LIST OF NAMES IN ARRAY "ALLOCATED_ARRAY_DATA" SO THAT SUBR,
               ALLOCATED_MEMORY                CANNOT CALC DATA FOR ARRAY "ALLOCATED_ARRAY_MEM".
               THIS IS NOT A PROBLEM WITH THIS RUN, ONLY SOMETHING NEEDING ATTENTION BY THE AUTHOR
 *INFORMATION: ARRAY KEG                             IS NOT IN THE LIST OF NAMES IN ARRAY "ALLOCATED_ARRAY_DATA" SO THAT SUBR,
               ALLOCATED_MEMORY                CANNOT CALC DATA FOR ARRAY "ALLOCATED_ARRAY_MEM".
               THIS IS NOT A PROBLEM WITH THIS RUN, ONLY SOMETHING NEEDING ATTENTION BY THE AUTHOR
 *INFORMATION: ARRAY OFFDIS_O                        IS NOT IN THE LIST OF NAMES IN ARRAY "ALLOCATED_ARRAY_DATA" SO THAT SUBR,
               ALLOCATED_MEMORY                CANNOT CALC DATA FOR ARRAY "ALLOCATED_ARRAY_MEM".
               THIS IS NOT A PROBLEM WITH THIS RUN, ONLY SOMETHING NEEDING ATTENTION BY THE AUTHOR
 *INFORMATION: ARRAY OFFDIS_B                        IS NOT IN THE LIST OF NAMES IN ARRAY "ALLOCATED_ARRAY_DATA" SO THAT SUBR,
               ALLOCATED_MEMORY                CANNOT CALC DATA FOR ARRAY "ALLOCATED_ARRAY_MEM".
               THIS IS NOT A PROBLEM WITH THIS RUN, ONLY SOMETHING NEEDING ATTENTION BY THE AUTHOR
 *INFORMATION: ARRAY OFFDIS_G                        IS NOT IN THE LIST OF NAMES IN ARRAY "ALLOCATED_ARRAY_DATA" SO THAT SUBR,
               ALLOCATED_MEMORY                CANNOT CALC DATA FOR ARRAY "ALLOCATED_ARRAY_MEM".
               THIS IS NOT A PROBLEM WITH THIS RUN, ONLY SOMETHING NEEDING ATTENTION BY THE AUTHOR
 *WARNING    : ACCELERATION REQUESTS ONLY PROGRAMMED IN CB MODEL SOLUTION
 *DEBUG:    RUNNING=OFP1 - disp, accel and applied force output
 *DEBUG:      WHAT=DISP; NGRID      18; NREQ=       0; SC_OUT_REQ=       0
 *DEBUG:    RUNNING=OFP2 - SPC and MPC force
 *DEBUG:    RUNNING=OFP2 - SPC
 *DEBUG:    ITABLE BAD=  -1
*DEBUG:      OEF_END 1D:    TABLE_NAMEOEF ERR 
*DEBUG:      OEF_END 2D:    TABLE_NAMEOEF ERR 
*DEBUG:      OES_PCOMP_END:    TABLE_NAMEOES1C   
*DEBUG:      OSTR_PCOMP_END:    TABLE_NAMEOSTR1C  
 *INFORMATION: ARRAY KEG                             IS NOT IN THE LIST OF NAMES IN ARRAY "ALLOCATED_ARRAY_DATA" SO THAT SUBR,
               ALLOCATED_MEMORY                CANNOT CALC DATA FOR ARRAY "ALLOCATED_ARRAY_MEM".
               THIS IS NOT A PROBLEM WITH THIS RUN, ONLY SOMETHING NEEDING ATTENTION BY THE AUTHOR
 *INFORMATION: ARRAY OFFDIS_O                        IS NOT IN THE LIST OF NAMES IN ARRAY "ALLOCATED_ARRAY_DATA" SO THAT SUBR,
               ALLOCATED_MEMORY                CANNOT CALC DATA FOR ARRAY "ALLOCATED_ARRAY_MEM".
               THIS IS NOT A PROBLEM WITH THIS RUN, ONLY SOMETHING NEEDING ATTENTION BY THE AUTHOR
 *INFORMATION: ARRAY OFFDIS_B                        IS NOT IN THE LIST OF NAMES IN ARRAY "ALLOCATED_ARRAY_DATA" SO THAT SUBR,
               ALLOCATED_MEMORY                CANNOT CALC DATA FOR ARRAY "ALLOCATED_ARRAY_MEM".
               THIS IS NOT A PROBLEM WITH THIS RUN, ONLY SOMETHING NEEDING ATTENTION BY THE AUTHOR
 *INFORMATION: ARRAY OFFDIS_G                        IS NOT IN THE LIST OF NAMES IN ARRAY "ALLOCATED_ARRAY_DATA" SO THAT SUBR,
               ALLOCATED_MEMORY                CANNOT CALC DATA FOR ARRAY "ALLOCATED_ARRAY_MEM".
               THIS IS NOT A PROBLEM WITH THIS RUN, ONLY SOMETHING NEEDING ATTENTION BY THE AUTHOR
 *INFORMATION: ARRAY KEG                             IS NOT IN THE LIST OF NAMES IN ARRAY "ALLOCATED_ARRAY_DATA" SO THAT SUBR,
               ALLOCATED_MEMORY                CANNOT CALC DATA FOR ARRAY "ALLOCATED_ARRAY_MEM".
               THIS IS NOT A PROBLEM WITH THIS RUN, ONLY SOMETHING NEEDING ATTENTION BY THE AUTHOR
 *INFORMATION: ARRAY OFFDIS_O                        IS NOT IN THE LIST OF NAMES IN ARRAY "ALLOCATED_ARRAY_DATA" SO THAT SUBR,
               ALLOCATED_MEMORY                CANNOT CALC DATA FOR ARRAY "ALLOCATED_ARRAY_MEM".
               THIS IS NOT A PROBLEM WITH THIS RUN, ONLY SOMETHING NEEDING ATTENTION BY THE AUTHOR
 *INFORMATION: ARRAY OFFDIS_B                        IS NOT IN THE LIST OF NAMES IN ARRAY "ALLOCATED_ARRAY_DATA" SO THAT SUBR,
               ALLOCATED_MEMORY                CANNOT CALC DATA FOR ARRAY "ALLOCATED_ARRAY_MEM".
               THIS IS NOT A PROBLEM WITH THIS RUN, ONLY SOMETHING NEEDING ATTENTION BY THE AUTHOR
 *INFORMATION: ARRAY OFFDIS_G                        IS NOT IN THE LIST OF NAMES IN ARRAY "ALLOCATED_ARRAY_DATA" SO THAT SUBR,
               ALLOCATED_MEMORY                CANNOT CALC DATA FOR ARRAY "ALLOCATED_ARRAY_MEM".
               THIS IS NOT A PROBLEM WITH THIS RUN, ONLY SOMETHING NEEDING ATTENTION BY THE AUTHOR
 *WARNING    : ACCELERATION REQUESTS ONLY PROGRAMMED IN CB MODEL SOLUTION
 *DEBUG:    RUNNING=OFP1 - disp, accel and applied force output
 *DEBUG:      WHAT=DISP; NGRID      18; NREQ=       0; SC_OUT_REQ=       0
 *DEBUG:    RUNNING=OFP2 - SPC and MPC force
 *DEBUG:    RUNNING=OFP2 - SPC
 *DEBUG:    ITABLE BAD=  -1
*DEBUG:      OEF_END 1D:    TABLE_NAMEOEF ERR 
*DEBUG:      OEF_END 2D:    TABLE_NAMEOEF ERR 
*DEBUG:      OES_PCOMP_END:    TABLE_NAMEOES1C   
*DEBUG:      OSTR_PCOMP_END:    TABLE_NAMEOSTR1C  
 *INFORMATION: ARRAY KEG                             IS NOT IN THE LIST OF NAMES IN ARRAY "ALLOCATED_ARRAY_DATA" SO THAT SUBR,
               ALLOCATED_MEMORY                CANNOT CALC DATA FOR ARRAY "ALLOCATED_ARRAY_MEM".
               THIS IS NOT A PROBLEM WITH THIS RUN, ONLY SOMETHING NEEDING ATTENTION BY THE AUTHOR
 *INFORMATION: ARRAY OFFDIS_O                        IS NOT IN THE LIST OF NAMES IN ARRAY "ALLOCATED_ARRAY_DATA" SO THAT SUBR,
               ALLOCATED_MEMORY                CANNOT CALC DATA FOR ARRAY "ALLOCATED_ARRAY_MEM".
               THIS IS NOT A PROBLEM WITH THIS RUN, ONLY SOMETHING NEEDING ATTENTION BY THE AUTHOR
 *INFORMATION: ARRAY OFFDIS_B                        IS NOT IN THE LIST OF NAMES IN ARRAY "ALLOCATED_ARRAY_DATA" SO THAT SUBR,
               ALLOCATED_MEMORY                CANNOT CALC DATA FOR ARRAY "ALLOCATED_ARRAY_MEM".
               THIS IS NOT A PROBLEM WITH THIS RUN, ONLY SOMETHING NEEDING ATTENTION BY THE AUTHOR
 *INFORMATION: ARRAY OFFDIS_G                        IS NOT IN THE LIST OF NAMES IN ARRAY "ALLOCATED_ARRAY_DATA" SO THAT SUBR,
               ALLOCATED_MEMORY                CANNOT CALC DATA FOR ARRAY "ALLOCATED_ARRAY_MEM".
               THIS IS NOT A PROBLEM WITH THIS RUN, ONLY SOMETHING NEEDING ATTENTION BY THE AUTHOR
 *INFORMATION: ARRAY KEG                             IS NOT IN THE LIST OF NAMES IN ARRAY "ALLOCATED_ARRAY_DATA" SO THAT SUBR,
               ALLOCATED_MEMORY                CANNOT CALC DATA FOR ARRAY "ALLOCATED_ARRAY_MEM".
               THIS IS NOT A PROBLEM WITH THIS RUN, ONLY SOMETHING NEEDING ATTENTION BY THE AUTHOR
 *INFORMATION: ARRAY OFFDIS_O                        IS NOT IN THE LIST OF NAMES IN ARRAY "ALLOCATED_ARRAY_DATA" SO THAT SUBR,
               ALLOCATED_MEMORY                CANNOT CALC DATA FOR ARRAY "ALLOCATED_ARRAY_MEM".
               THIS IS NOT A PROBLEM WITH THIS RUN, ONLY SOMETHING NEEDING ATTENTION BY THE AUTHOR
 *INFORMATION: ARRAY OFFDIS_B                        IS NOT IN THE LIST OF NAMES IN ARRAY "ALLOCATED_ARRAY_DATA" SO THAT SUBR,
               ALLOCATED_MEMORY                CANNOT CALC DATA FOR ARRAY "ALLOCATED_ARRAY_MEM".
               THIS IS NOT A PROBLEM WITH THIS RUN, ONLY SOMETHING NEEDING ATTENTION BY THE AUTHOR
 *INFORMATION: ARRAY OFFDIS_G                        IS NOT IN THE LIST OF NAMES IN ARRAY "ALLOCATED_ARRAY_DATA" SO THAT SUBR,
               ALLOCATED_MEMORY                CANNOT CALC DATA FOR ARRAY "ALLOCATED_ARRAY_MEM".
               THIS IS NOT A PROBLEM WITH THIS RUN, ONLY SOMETHING NEEDING ATTENTION BY THE AUTHOR
 *WARNING    : ACCELERATION REQUESTS ONLY PROGRAMMED IN CB MODEL SOLUTION
 *DEBUG:    RUNNING=OFP1 - disp, accel and applied force output
 *DEBUG:      WHAT=DISP; NGRID      18; NREQ=       0; SC_OUT_REQ=       0
 *DEBUG:    RUNNING=OFP2 - SPC and MPC force
 *DEBUG:    RUNNING=OFP2 - SPC
 *DEBUG:    ITABLE BAD=  -1
*DEBUG:      OEF_END 1D:    TABLE_NAMEOEF ERR 
*DEBUG:      OEF_END 2D:    TABLE_NAMEOEF ERR 
*DEBUG:      OES_PCOMP_END:    TABLE_NAMEOES1C   
*DEBUG:      OSTR_PCOMP_END:    TABLE_NAMEOSTR1C  
 *INFORMATION: ARRAY KEG                             IS NOT IN THE LIST OF NAMES IN ARRAY "ALLOCATED_ARRAY_DATA" SO THAT SUBR,
               ALLOCATED_MEMORY                CANNOT CALC DATA FOR ARRAY "ALLOCATED_ARRAY_MEM".
               THIS IS NOT A PROBLEM WITH THIS RUN, ONLY SOMETHING NEEDING ATTENTION BY THE AUTHOR
 *INFORMATION: ARRAY OFFDIS_O                        IS NOT IN THE LIST OF NAMES IN ARRAY "ALLOCATED_ARRAY_DATA" SO THAT SUBR,
               ALLOCATED_MEMORY                CANNOT CALC DATA FOR ARRAY "ALLOCATED_ARRAY_MEM".
               THIS IS NOT A PROBLEM WITH THIS RUN, ONLY SOMETHING NEEDING ATTENTION BY THE AUTHOR
 *INFORMATION: ARRAY OFFDIS_B                        IS NOT IN THE LIST OF NAMES IN ARRAY "ALLOCATED_ARRAY_DATA" SO THAT SUBR,
               ALLOCATED_MEMORY                CANNOT CALC DATA FOR ARRAY "ALLOCATED_ARRAY_MEM".
               THIS IS NOT A PROBLEM WITH THIS RUN, ONLY SOMETHING NEEDING ATTENTION BY THE AUTHOR
 *INFORMATION: ARRAY OFFDIS_G                        IS NOT IN THE LIST OF NAMES IN ARRAY "ALLOCATED_ARRAY_DATA" SO THAT SUBR,
               ALLOCATED_MEMORY                CANNOT CALC DATA FOR ARRAY "ALLOCATED_ARRAY_MEM".
               THIS IS NOT A PROBLEM WITH THIS RUN, ONLY SOMETHING NEEDING ATTENTION BY THE AUTHOR
 *INFORMATION: ARRAY KEG                             IS NOT IN THE LIST OF NAMES IN ARRAY "ALLOCATED_ARRAY_DATA" SO THAT SUBR,
               ALLOCATED_MEMORY                CANNOT CALC DATA FOR ARRAY "ALLOCATED_ARRAY_MEM".
               THIS IS NOT A PROBLEM WITH THIS RUN, ONLY SOMETHING NEEDING ATTENTION BY THE AUTHOR
 *INFORMATION: ARRAY OFFDIS_O                        IS NOT IN THE LIST OF NAMES IN ARRAY "ALLOCATED_ARRAY_DATA" SO THAT SUBR,
               ALLOCATED_MEMORY                CANNOT CALC DATA FOR ARRAY "ALLOCATED_ARRAY_MEM".
               THIS IS NOT A PROBLEM WITH THIS RUN, ONLY SOMETHING NEEDING ATTENTION BY THE AUTHOR
 *INFORMATION: ARRAY OFFDIS_B                        IS NOT IN THE LIST OF NAMES IN ARRAY "ALLOCATED_ARRAY_DATA" SO THAT SUBR,
               ALLOCATED_MEMORY                CANNOT CALC DATA FOR ARRAY "ALLOCATED_ARRAY_MEM".
               THIS IS NOT A PROBLEM WITH THIS RUN, ONLY SOMETHING NEEDING ATTENTION BY THE AUTHOR
 *INFORMATION: ARRAY OFFDIS_G                        IS NOT IN THE LIST OF NAMES IN ARRAY "ALLOCATED_ARRAY_DATA" SO THAT SUBR,
               ALLOCATED_MEMORY                CANNOT CALC DATA FOR ARRAY "ALLOCATED_ARRAY_MEM".
               THIS IS NOT A PROBLEM WITH THIS RUN, ONLY SOMETHING NEEDING ATTENTION BY THE AUTHOR
 *WARNING    : ACCELERATION REQUESTS ONLY PROGRAMMED IN CB MODEL SOLUTION
 *DEBUG:    RUNNING=OFP1 - disp, accel and applied force output
 *DEBUG:      WHAT=DISP; NGRID      18; NREQ=       0; SC_OUT_REQ=       0
 *DEBUG:    RUNNING=OFP2 - SPC and MPC force
 *DEBUG:    RUNNING=OFP2 - SPC
 *DEBUG:    ITABLE BAD=  -1
*DEBUG:      OEF_END 1D:    TABLE_NAMEOEF ERR 
*DEBUG:      OEF_END 2D:    TABLE_NAMEOEF ERR 
*DEBUG:      OES_PCOMP_END:    TABLE_NAMEOES1C   
*DEBUG:      OSTR_PCOMP_END:    TABLE_NAMEOSTR1C  
 *INFORMATION: ARRAY KEG                             IS NOT IN THE LIST OF NAMES IN ARRAY "ALLOCATED_ARRAY_DATA" SO THAT SUBR,
               ALLOCATED_MEMORY                CANNOT CALC DATA FOR ARRAY "ALLOCATED_ARRAY_MEM".
               THIS IS NOT A PROBLEM WITH THIS RUN, ONLY SOMETHING NEEDING ATTENTION BY THE AUTHOR
 *INFORMATION: ARRAY OFFDIS_O                        IS NOT IN THE LIST OF NAMES IN ARRAY "ALLOCATED_ARRAY_DATA" SO THAT SUBR,
               ALLOCATED_MEMORY                CANNOT CALC DATA FOR ARRAY "ALLOCATED_ARRAY_MEM".
               THIS IS NOT A PROBLEM WITH THIS RUN, ONLY SOMETHING NEEDING ATTENTION BY THE AUTHOR
 *INFORMATION: ARRAY OFFDIS_B                        IS NOT IN THE LIST OF NAMES IN ARRAY "ALLOCATED_ARRAY_DATA" SO THAT SUBR,
               ALLOCATED_MEMORY                CANNOT CALC DATA FOR ARRAY "ALLOCATED_ARRAY_MEM".
               THIS IS NOT A PROBLEM WITH THIS RUN, ONLY SOMETHING NEEDING ATTENTION BY THE AUTHOR
 *INFORMATION: ARRAY OFFDIS_G                        IS NOT IN THE LIST OF NAMES IN ARRAY "ALLOCATED_ARRAY_DATA" SO THAT SUBR,
               ALLOCATED_MEMORY                CANNOT CALC DATA FOR ARRAY "ALLOCATED_ARRAY_MEM".
               THIS IS NOT A PROBLEM WITH THIS RUN, ONLY SOMETHING NEEDING ATTENTION BY THE AUTHOR

 >> MYSTRAN END    :  4/24/2026 at 11:18: 1.121
 *DEBUG:       END_OP2_TABLES 
