   424121304

 MYSTRAN Version 18.0.0   APR 20 2026 MYSTRAN developed by Dr Bill Case
*** Please report any problems to mystransolver@gmail.com ***                                                                                                                                                                                                   

 >> MYSTRAN BEGIN  :  4/24/2026 at 12:13: 4.461 The input file is E:\mystran17\mystran\howbuild\chase_feast_add\examples\midas_eigen08_cbeam_axis_debug_lanc_chase_interval_native.dat                                                                                                                                            


 >> LINK  0 BEGIN


ID MIDAS,EIGEN08,CBEAM                                                                                                                                                                                                                                          
SOL 103                                                                                                                                                                                                                                                         
CEND                                                                                                                                                                                                                                                            
TITLE = MIDAS EIGEN08 CBEAM MODAL CONVERSION                                                                                                                                                                                                                    
ECHO = NONE                                                                                                                                                                                                                                                     
SUBCASE 1                                                                                                                                                                                                                                                       
  METHOD = 20                                                                                                                                                                                                                                                   
  SPC = 1                                                                                                                                                                                                                                                       
BEGIN BULK                                                                                                                                                                                                                                                      




 >> LINK  0 END


 >> LINK  1 BEGIN


 CBEAM/CBAR AXIS DEBUG: EID =        1 TYPE = BEAM
 VX   (A->B)            =   0.000000E+00  0.000000E+00  1.000000E+01
 V13  (from input V/G0) =   0.000000E+00  1.000000E+00  0.000000E+00
 Ye (local y)           =   0.000000E+00  1.000000E+00 -0.000000E+00
 Ze (local z)           =  -1.000000E+00  0.000000E+00  0.000000E+00
 Xe (local x)           =   0.000000E+00  0.000000E+00  1.000000E+00
 TE row =   0.000000E+00  0.000000E+00  1.000000E+00
 TE row =   0.000000E+00  1.000000E+00 -0.000000E+00
 TE row =  -1.000000E+00  0.000000E+00  0.000000E+00


 CBEAM/CBAR AXIS DEBUG: EID =        2 TYPE = BEAM
 VX   (A->B)            =   0.000000E+00  0.000000E+00  8.625000E+00
 V13  (from input V/G0) =   0.000000E+00  1.000000E+00  0.000000E+00
 Ye (local y)           =   0.000000E+00  1.000000E+00 -0.000000E+00
 Ze (local z)           =  -1.000000E+00  0.000000E+00  0.000000E+00
 Xe (local x)           =   0.000000E+00  0.000000E+00  1.000000E+00
 TE row =   0.000000E+00  0.000000E+00  1.000000E+00
 TE row =   0.000000E+00  1.000000E+00 -0.000000E+00
 TE row =  -1.000000E+00  0.000000E+00  0.000000E+00


 CBEAM/CBAR AXIS DEBUG: EID =        3 TYPE = BEAM
 VX   (A->B)            =   0.000000E+00  0.000000E+00  1.000000E+01
 V13  (from input V/G0) =   0.000000E+00  1.000000E+00  0.000000E+00
 Ye (local y)           =   0.000000E+00  1.000000E+00 -0.000000E+00
 Ze (local z)           =  -1.000000E+00  0.000000E+00  0.000000E+00
 Xe (local x)           =   0.000000E+00  0.000000E+00  1.000000E+00
 TE row =   0.000000E+00  0.000000E+00  1.000000E+00
 TE row =   0.000000E+00  1.000000E+00 -0.000000E+00
 TE row =  -1.000000E+00  0.000000E+00  0.000000E+00


 CBEAM/CBAR AXIS DEBUG: EID =        4 TYPE = BEAM
 VX   (A->B)            =   0.000000E+00  0.000000E+00  8.625000E+00
 V13  (from input V/G0) =   0.000000E+00  1.000000E+00  0.000000E+00
 Ye (local y)           =   0.000000E+00  1.000000E+00 -0.000000E+00
 Ze (local z)           =  -1.000000E+00  0.000000E+00  0.000000E+00
 Xe (local x)           =   0.000000E+00  0.000000E+00  1.000000E+00
 TE row =   0.000000E+00  0.000000E+00  1.000000E+00
 TE row =   0.000000E+00  1.000000E+00 -0.000000E+00
 TE row =  -1.000000E+00  0.000000E+00  0.000000E+00


 CBEAM/CBAR AXIS DEBUG: EID =        5 TYPE = BEAM
 VX   (A->B)            =   0.000000E+00  0.000000E+00  1.000000E+01
 V13  (from input V/G0) =   0.000000E+00  1.000000E+00  0.000000E+00
 Ye (local y)           =   0.000000E+00  1.000000E+00 -0.000000E+00
 Ze (local z)           =  -1.000000E+00  0.000000E+00  0.000000E+00
 Xe (local x)           =   0.000000E+00  0.000000E+00  1.000000E+00
 TE row =   0.000000E+00  0.000000E+00  1.000000E+00
 TE row =   0.000000E+00  1.000000E+00 -0.000000E+00
 TE row =  -1.000000E+00  0.000000E+00  0.000000E+00


 CBEAM/CBAR AXIS DEBUG: EID =        6 TYPE = BEAM
 VX   (A->B)            =   0.000000E+00  0.000000E+00  8.625000E+00
 V13  (from input V/G0) =   0.000000E+00  1.000000E+00  0.000000E+00
 Ye (local y)           =   0.000000E+00  1.000000E+00 -0.000000E+00
 Ze (local z)           =  -1.000000E+00  0.000000E+00  0.000000E+00
 Xe (local x)           =   0.000000E+00  0.000000E+00  1.000000E+00
 TE row =   0.000000E+00  0.000000E+00  1.000000E+00
 TE row =   0.000000E+00  1.000000E+00 -0.000000E+00
 TE row =  -1.000000E+00  0.000000E+00  0.000000E+00


 CBEAM/CBAR AXIS DEBUG: EID =        7 TYPE = BEAM
 VX   (A->B)            =   0.000000E+00  0.000000E+00  1.000000E+01
 V13  (from input V/G0) =   0.000000E+00  1.000000E+00  0.000000E+00
 Ye (local y)           =   0.000000E+00  1.000000E+00 -0.000000E+00
 Ze (local z)           =  -1.000000E+00  0.000000E+00  0.000000E+00
 Xe (local x)           =   0.000000E+00  0.000000E+00  1.000000E+00
 TE row =   0.000000E+00  0.000000E+00  1.000000E+00
 TE row =   0.000000E+00  1.000000E+00 -0.000000E+00
 TE row =  -1.000000E+00  0.000000E+00  0.000000E+00


 CBEAM/CBAR AXIS DEBUG: EID =        8 TYPE = BEAM
 VX   (A->B)            =   0.000000E+00  0.000000E+00  8.625000E+00
 V13  (from input V/G0) =   0.000000E+00  1.000000E+00  0.000000E+00
 Ye (local y)           =   0.000000E+00  1.000000E+00 -0.000000E+00
 Ze (local z)           =  -1.000000E+00  0.000000E+00  0.000000E+00
 Xe (local x)           =   0.000000E+00  0.000000E+00  1.000000E+00
 TE row =   0.000000E+00  0.000000E+00  1.000000E+00
 TE row =   0.000000E+00  1.000000E+00 -0.000000E+00
 TE row =  -1.000000E+00  0.000000E+00  0.000000E+00


 CBEAM/CBAR AXIS DEBUG: EID =        9 TYPE = BEAM
 VX   (A->B)            =   8.625000E+00  0.000000E+00  0.000000E+00
 V13  (from input V/G0) =   0.000000E+00  0.000000E+00  1.000000E+00
 Ye (local y)           =  -0.000000E+00  0.000000E+00  1.000000E+00
 Ze (local z)           =   0.000000E+00 -1.000000E+00  0.000000E+00
 Xe (local x)           =   1.000000E+00  0.000000E+00  0.000000E+00
 TE row =   1.000000E+00  0.000000E+00  0.000000E+00
 TE row =  -0.000000E+00  0.000000E+00  1.000000E+00
 TE row =   0.000000E+00 -1.000000E+00  0.000000E+00


 CBEAM/CBAR AXIS DEBUG: EID =       10 TYPE = BEAM
 VX   (A->B)            =   1.000000E+01  0.000000E+00  0.000000E+00
 V13  (from input V/G0) =   0.000000E+00  0.000000E+00  1.000000E+00
 Ye (local y)           =  -0.000000E+00  0.000000E+00  1.000000E+00
 Ze (local z)           =   0.000000E+00 -1.000000E+00  0.000000E+00
 Xe (local x)           =   1.000000E+00  0.000000E+00  0.000000E+00
 TE row =   1.000000E+00  0.000000E+00  0.000000E+00
 TE row =  -0.000000E+00  0.000000E+00  1.000000E+00
 TE row =   0.000000E+00 -1.000000E+00  0.000000E+00


 CBEAM/CBAR AXIS DEBUG: EID =       11 TYPE = BEAM
 VX   (A->B)            =   8.625000E+00  0.000000E+00  0.000000E+00
 V13  (from input V/G0) =   0.000000E+00  0.000000E+00  1.000000E+00
 Ye (local y)           =  -0.000000E+00  0.000000E+00  1.000000E+00
 Ze (local z)           =   0.000000E+00 -1.000000E+00  0.000000E+00
 Xe (local x)           =   1.000000E+00  0.000000E+00  0.000000E+00
 TE row =   1.000000E+00  0.000000E+00  0.000000E+00
 TE row =  -0.000000E+00  0.000000E+00  1.000000E+00
 TE row =   0.000000E+00 -1.000000E+00  0.000000E+00


 CBEAM/CBAR AXIS DEBUG: EID =       12 TYPE = BEAM
 VX   (A->B)            =   8.625000E+00  0.000000E+00  0.000000E+00
 V13  (from input V/G0) =   0.000000E+00  0.000000E+00  1.000000E+00
 Ye (local y)           =  -0.000000E+00  0.000000E+00  1.000000E+00
 Ze (local z)           =   0.000000E+00 -1.000000E+00  0.000000E+00
 Xe (local x)           =   1.000000E+00  0.000000E+00  0.000000E+00
 TE row =   1.000000E+00  0.000000E+00  0.000000E+00
 TE row =  -0.000000E+00  0.000000E+00  1.000000E+00
 TE row =   0.000000E+00 -1.000000E+00  0.000000E+00


 CBEAM/CBAR AXIS DEBUG: EID =       13 TYPE = BEAM
 VX   (A->B)            =   1.000000E+01  0.000000E+00  0.000000E+00
 V13  (from input V/G0) =   0.000000E+00  0.000000E+00  1.000000E+00
 Ye (local y)           =  -0.000000E+00  0.000000E+00  1.000000E+00
 Ze (local z)           =   0.000000E+00 -1.000000E+00  0.000000E+00
 Xe (local x)           =   1.000000E+00  0.000000E+00  0.000000E+00
 TE row =   1.000000E+00  0.000000E+00  0.000000E+00
 TE row =  -0.000000E+00  0.000000E+00  1.000000E+00
 TE row =   0.000000E+00 -1.000000E+00  0.000000E+00


 CBEAM/CBAR AXIS DEBUG: EID =       14 TYPE = BEAM
 VX   (A->B)            =   8.625000E+00  0.000000E+00  0.000000E+00
 V13  (from input V/G0) =   0.000000E+00  0.000000E+00  1.000000E+00
 Ye (local y)           =  -0.000000E+00  0.000000E+00  1.000000E+00
 Ze (local z)           =   0.000000E+00 -1.000000E+00  0.000000E+00
 Xe (local x)           =   1.000000E+00  0.000000E+00  0.000000E+00
 TE row =   1.000000E+00  0.000000E+00  0.000000E+00
 TE row =  -0.000000E+00  0.000000E+00  1.000000E+00
 TE row =   0.000000E+00 -1.000000E+00  0.000000E+00


 CBEAM/CBAR AXIS DEBUG: EID =       15 TYPE = BEAM
 VX   (A->B)            =   0.000000E+00  8.625000E+00  0.000000E+00
 V13  (from input V/G0) =   0.000000E+00  0.000000E+00  1.000000E+00
 Ye (local y)           =   0.000000E+00  0.000000E+00  1.000000E+00
 Ze (local z)           =   1.000000E+00  0.000000E+00  0.000000E+00
 Xe (local x)           =   0.000000E+00  1.000000E+00  0.000000E+00
 TE row =   0.000000E+00  1.000000E+00  0.000000E+00
 TE row =   0.000000E+00  0.000000E+00  1.000000E+00
 TE row =   1.000000E+00  0.000000E+00  0.000000E+00


 CBEAM/CBAR AXIS DEBUG: EID =       16 TYPE = BEAM
 VX   (A->B)            =   0.000000E+00  8.625000E+00  0.000000E+00
 V13  (from input V/G0) =   0.000000E+00  0.000000E+00  1.000000E+00
 Ye (local y)           =   0.000000E+00  0.000000E+00  1.000000E+00
 Ze (local z)           =   1.000000E+00  0.000000E+00  0.000000E+00
 Xe (local x)           =   0.000000E+00  1.000000E+00  0.000000E+00
 TE row =   0.000000E+00  1.000000E+00  0.000000E+00
 TE row =   0.000000E+00  0.000000E+00  1.000000E+00
 TE row =   1.000000E+00  0.000000E+00  0.000000E+00


 CBEAM/CBAR AXIS DEBUG: EID =       17 TYPE = BEAM
 VX   (A->B)            =   0.000000E+00  8.625000E+00  0.000000E+00
 V13  (from input V/G0) =   0.000000E+00  0.000000E+00  1.000000E+00
 Ye (local y)           =   0.000000E+00  0.000000E+00  1.000000E+00
 Ze (local z)           =   1.000000E+00  0.000000E+00  0.000000E+00
 Xe (local x)           =   0.000000E+00  1.000000E+00  0.000000E+00
 TE row =   0.000000E+00  1.000000E+00  0.000000E+00
 TE row =   0.000000E+00  0.000000E+00  1.000000E+00
 TE row =   1.000000E+00  0.000000E+00  0.000000E+00


 CBEAM/CBAR AXIS DEBUG: EID =       18 TYPE = BEAM
 VX   (A->B)            =   0.000000E+00  8.625000E+00  0.000000E+00
 V13  (from input V/G0) =   0.000000E+00  0.000000E+00  1.000000E+00
 Ye (local y)           =   0.000000E+00  0.000000E+00  1.000000E+00
 Ze (local z)           =   1.000000E+00  0.000000E+00  0.000000E+00
 Xe (local x)           =   0.000000E+00  1.000000E+00  0.000000E+00
 TE row =   0.000000E+00  1.000000E+00  0.000000E+00
 TE row =   0.000000E+00  0.000000E+00  1.000000E+00
 TE row =   1.000000E+00  0.000000E+00  0.000000E+00


 CBEAM/CBAR AXIS DEBUG: EID =        1 TYPE = BEAM
 VX   (A->B)            =   0.000000E+00  0.000000E+00  1.000000E+01
 V13  (from input V/G0) =   0.000000E+00  1.000000E+00  0.000000E+00
 Ye (local y)           =   0.000000E+00  1.000000E+00 -0.000000E+00
 Ze (local z)           =  -1.000000E+00  0.000000E+00  0.000000E+00
 Xe (local x)           =   0.000000E+00  0.000000E+00  1.000000E+00
 TE row =   0.000000E+00  0.000000E+00  1.000000E+00
 TE row =   0.000000E+00  1.000000E+00 -0.000000E+00
 TE row =  -1.000000E+00  0.000000E+00  0.000000E+00


************************************************************
In subr BEAM with BEAM element        1
 --------------------------------------
L       =   1.000000E+01
AREA    =   1.074530E+00
I1      =   6.657470E-01
I2      =   6.657400E-01
I12     =   0.000000E+00
JTOR    =   1.331490E+00
K1      =   1.000000E+00
K2      =   1.000000E+00
E       =   2.790000E+07
G       =   1.073077E+07
SCOEFF  =   0.000000E+00
ALPHA   =   0.000000E+00
TREF    =   0.000000E+00
plane1 (UY,RZ) uses I1/K2; phi1 =   0.000000E+00
plane2 (UZ,RY) uses I2/K1; phi2 =   0.000000E+00
CBEAMBRN=        1
FAC1    =   1.857434E+04
FAC2    =   1.857415E+04
DEN     =   4.432144E-01
DELTA1  =   1.502072E+00
DELTA2  =   1.502088E+00
DELTA12 =   0.000000E+00

************************************************************


 CBEAM/CBAR AXIS DEBUG: EID =        2 TYPE = BEAM
 VX   (A->B)            =   0.000000E+00  0.000000E+00  8.625000E+00
 V13  (from input V/G0) =   0.000000E+00  1.000000E+00  0.000000E+00
 Ye (local y)           =   0.000000E+00  1.000000E+00 -0.000000E+00
 Ze (local z)           =  -1.000000E+00  0.000000E+00  0.000000E+00
 Xe (local x)           =   0.000000E+00  0.000000E+00  1.000000E+00
 TE row =   0.000000E+00  0.000000E+00  1.000000E+00
 TE row =   0.000000E+00  1.000000E+00 -0.000000E+00
 TE row =  -1.000000E+00  0.000000E+00  0.000000E+00


************************************************************
In subr BEAM with BEAM element        2
 --------------------------------------
L       =   8.625000E+00
AREA    =   1.074530E+00
I1      =   6.657470E-01
I2      =   6.657400E-01
I12     =   0.000000E+00
JTOR    =   1.331490E+00
K1      =   1.000000E+00
K2      =   1.000000E+00
E       =   2.790000E+07
G       =   1.073077E+07
SCOEFF  =   0.000000E+00
ALPHA   =   0.000000E+00
TREF    =   0.000000E+00
plane1 (UY,RZ) uses I1/K2; phi1 =   0.000000E+00
plane2 (UZ,RY) uses I2/K1; phi2 =   0.000000E+00
CBEAMBRN=        1
FAC1    =   2.894917E+04
FAC2    =   2.894887E+04
DEN     =   4.432144E-01
DELTA1  =   1.502072E+00
DELTA2  =   1.502088E+00
DELTA12 =   0.000000E+00

************************************************************


 CBEAM/CBAR AXIS DEBUG: EID =        3 TYPE = BEAM
 VX   (A->B)            =   0.000000E+00  0.000000E+00  1.000000E+01
 V13  (from input V/G0) =   0.000000E+00  1.000000E+00  0.000000E+00
 Ye (local y)           =   0.000000E+00  1.000000E+00 -0.000000E+00
 Ze (local z)           =  -1.000000E+00  0.000000E+00  0.000000E+00
 Xe (local x)           =   0.000000E+00  0.000000E+00  1.000000E+00
 TE row =   0.000000E+00  0.000000E+00  1.000000E+00
 TE row =   0.000000E+00  1.000000E+00 -0.000000E+00
 TE row =  -1.000000E+00  0.000000E+00  0.000000E+00


************************************************************
In subr BEAM with BEAM element        3
 --------------------------------------
L       =   1.000000E+01
AREA    =   1.074530E+00
I1      =   6.657470E-01
I2      =   6.657400E-01
I12     =   0.000000E+00
JTOR    =   1.331490E+00
K1      =   1.000000E+00
K2      =   1.000000E+00
E       =   2.790000E+07
G       =   1.073077E+07
SCOEFF  =   0.000000E+00
ALPHA   =   0.000000E+00
TREF    =   0.000000E+00
plane1 (UY,RZ) uses I1/K2; phi1 =   0.000000E+00
plane2 (UZ,RY) uses I2/K1; phi2 =   0.000000E+00
CBEAMBRN=        1
FAC1    =   1.857434E+04
FAC2    =   1.857415E+04
DEN     =   4.432144E-01
DELTA1  =   1.502072E+00
DELTA2  =   1.502088E+00
DELTA12 =   0.000000E+00

************************************************************


 CBEAM/CBAR AXIS DEBUG: EID =        4 TYPE = BEAM
 VX   (A->B)            =   0.000000E+00  0.000000E+00  8.625000E+00
 V13  (from input V/G0) =   0.000000E+00  1.000000E+00  0.000000E+00
 Ye (local y)           =   0.000000E+00  1.000000E+00 -0.000000E+00
 Ze (local z)           =  -1.000000E+00  0.000000E+00  0.000000E+00
 Xe (local x)           =   0.000000E+00  0.000000E+00  1.000000E+00
 TE row =   0.000000E+00  0.000000E+00  1.000000E+00
 TE row =   0.000000E+00  1.000000E+00 -0.000000E+00
 TE row =  -1.000000E+00  0.000000E+00  0.000000E+00


************************************************************
In subr BEAM with BEAM element        4
 --------------------------------------
L       =   8.625000E+00
AREA    =   1.074530E+00
I1      =   6.657470E-01
I2      =   6.657400E-01
I12     =   0.000000E+00
JTOR    =   1.331490E+00
K1      =   1.000000E+00
K2      =   1.000000E+00
E       =   2.790000E+07
G       =   1.073077E+07
SCOEFF  =   0.000000E+00
ALPHA   =   0.000000E+00
TREF    =   0.000000E+00
plane1 (UY,RZ) uses I1/K2; phi1 =   0.000000E+00
plane2 (UZ,RY) uses I2/K1; phi2 =   0.000000E+00
CBEAMBRN=        1
FAC1    =   2.894917E+04
FAC2    =   2.894887E+04
DEN     =   4.432144E-01
DELTA1  =   1.502072E+00
DELTA2  =   1.502088E+00
DELTA12 =   0.000000E+00

************************************************************


 CBEAM/CBAR AXIS DEBUG: EID =        5 TYPE = BEAM
 VX   (A->B)            =   0.000000E+00  0.000000E+00  1.000000E+01
 V13  (from input V/G0) =   0.000000E+00  1.000000E+00  0.000000E+00
 Ye (local y)           =   0.000000E+00  1.000000E+00 -0.000000E+00
 Ze (local z)           =  -1.000000E+00  0.000000E+00  0.000000E+00
 Xe (local x)           =   0.000000E+00  0.000000E+00  1.000000E+00
 TE row =   0.000000E+00  0.000000E+00  1.000000E+00
 TE row =   0.000000E+00  1.000000E+00 -0.000000E+00
 TE row =  -1.000000E+00  0.000000E+00  0.000000E+00


************************************************************
In subr BEAM with BEAM element        5
 --------------------------------------
L       =   1.000000E+01
AREA    =   1.074530E+00
I1      =   6.657470E-01
I2      =   6.657400E-01
I12     =   0.000000E+00
JTOR    =   1.331490E+00
K1      =   1.000000E+00
K2      =   1.000000E+00
E       =   2.790000E+07
G       =   1.073077E+07
SCOEFF  =   0.000000E+00
ALPHA   =   0.000000E+00
TREF    =   0.000000E+00
plane1 (UY,RZ) uses I1/K2; phi1 =   0.000000E+00
plane2 (UZ,RY) uses I2/K1; phi2 =   0.000000E+00
CBEAMBRN=        1
FAC1    =   1.857434E+04
FAC2    =   1.857415E+04
DEN     =   4.432144E-01
DELTA1  =   1.502072E+00
DELTA2  =   1.502088E+00
DELTA12 =   0.000000E+00

************************************************************


 CBEAM/CBAR AXIS DEBUG: EID =        6 TYPE = BEAM
 VX   (A->B)            =   0.000000E+00  0.000000E+00  8.625000E+00
 V13  (from input V/G0) =   0.000000E+00  1.000000E+00  0.000000E+00
 Ye (local y)           =   0.000000E+00  1.000000E+00 -0.000000E+00
 Ze (local z)           =  -1.000000E+00  0.000000E+00  0.000000E+00
 Xe (local x)           =   0.000000E+00  0.000000E+00  1.000000E+00
 TE row =   0.000000E+00  0.000000E+00  1.000000E+00
 TE row =   0.000000E+00  1.000000E+00 -0.000000E+00
 TE row =  -1.000000E+00  0.000000E+00  0.000000E+00


************************************************************
In subr BEAM with BEAM element        6
 --------------------------------------
L       =   8.625000E+00
AREA    =   1.074530E+00
I1      =   6.657470E-01
I2      =   6.657400E-01
I12     =   0.000000E+00
JTOR    =   1.331490E+00
K1      =   1.000000E+00
K2      =   1.000000E+00
E       =   2.790000E+07
G       =   1.073077E+07
SCOEFF  =   0.000000E+00
ALPHA   =   0.000000E+00
TREF    =   0.000000E+00
plane1 (UY,RZ) uses I1/K2; phi1 =   0.000000E+00
plane2 (UZ,RY) uses I2/K1; phi2 =   0.000000E+00
CBEAMBRN=        1
FAC1    =   2.894917E+04
FAC2    =   2.894887E+04
DEN     =   4.432144E-01
DELTA1  =   1.502072E+00
DELTA2  =   1.502088E+00
DELTA12 =   0.000000E+00

************************************************************


 CBEAM/CBAR AXIS DEBUG: EID =        7 TYPE = BEAM
 VX   (A->B)            =   0.000000E+00  0.000000E+00  1.000000E+01
 V13  (from input V/G0) =   0.000000E+00  1.000000E+00  0.000000E+00
 Ye (local y)           =   0.000000E+00  1.000000E+00 -0.000000E+00
 Ze (local z)           =  -1.000000E+00  0.000000E+00  0.000000E+00
 Xe (local x)           =   0.000000E+00  0.000000E+00  1.000000E+00
 TE row =   0.000000E+00  0.000000E+00  1.000000E+00
 TE row =   0.000000E+00  1.000000E+00 -0.000000E+00
 TE row =  -1.000000E+00  0.000000E+00  0.000000E+00


************************************************************
In subr BEAM with BEAM element        7
 --------------------------------------
L       =   1.000000E+01
AREA    =   1.074530E+00
I1      =   6.657470E-01
I2      =   6.657400E-01
I12     =   0.000000E+00
JTOR    =   1.331490E+00
K1      =   1.000000E+00
K2      =   1.000000E+00
E       =   2.790000E+07
G       =   1.073077E+07
SCOEFF  =   0.000000E+00
ALPHA   =   0.000000E+00
TREF    =   0.000000E+00
plane1 (UY,RZ) uses I1/K2; phi1 =   0.000000E+00
plane2 (UZ,RY) uses I2/K1; phi2 =   0.000000E+00
CBEAMBRN=        1
FAC1    =   1.857434E+04
FAC2    =   1.857415E+04
DEN     =   4.432144E-01
DELTA1  =   1.502072E+00
DELTA2  =   1.502088E+00
DELTA12 =   0.000000E+00

************************************************************


 CBEAM/CBAR AXIS DEBUG: EID =        8 TYPE = BEAM
 VX   (A->B)            =   0.000000E+00  0.000000E+00  8.625000E+00
 V13  (from input V/G0) =   0.000000E+00  1.000000E+00  0.000000E+00
 Ye (local y)           =   0.000000E+00  1.000000E+00 -0.000000E+00
 Ze (local z)           =  -1.000000E+00  0.000000E+00  0.000000E+00
 Xe (local x)           =   0.000000E+00  0.000000E+00  1.000000E+00
 TE row =   0.000000E+00  0.000000E+00  1.000000E+00
 TE row =   0.000000E+00  1.000000E+00 -0.000000E+00
 TE row =  -1.000000E+00  0.000000E+00  0.000000E+00


************************************************************
In subr BEAM with BEAM element        8
 --------------------------------------
L       =   8.625000E+00
AREA    =   1.074530E+00
I1      =   6.657470E-01
I2      =   6.657400E-01
I12     =   0.000000E+00
JTOR    =   1.331490E+00
K1      =   1.000000E+00
K2      =   1.000000E+00
E       =   2.790000E+07
G       =   1.073077E+07
SCOEFF  =   0.000000E+00
ALPHA   =   0.000000E+00
TREF    =   0.000000E+00
plane1 (UY,RZ) uses I1/K2; phi1 =   0.000000E+00
plane2 (UZ,RY) uses I2/K1; phi2 =   0.000000E+00
CBEAMBRN=        1
FAC1    =   2.894917E+04
FAC2    =   2.894887E+04
DEN     =   4.432144E-01
DELTA1  =   1.502072E+00
DELTA2  =   1.502088E+00
DELTA12 =   0.000000E+00

************************************************************


 CBEAM/CBAR AXIS DEBUG: EID =        9 TYPE = BEAM
 VX   (A->B)            =   8.625000E+00  0.000000E+00  0.000000E+00
 V13  (from input V/G0) =   0.000000E+00  0.000000E+00  1.000000E+00
 Ye (local y)           =  -0.000000E+00  0.000000E+00  1.000000E+00
 Ze (local z)           =   0.000000E+00 -1.000000E+00  0.000000E+00
 Xe (local x)           =   1.000000E+00  0.000000E+00  0.000000E+00
 TE row =   1.000000E+00  0.000000E+00  0.000000E+00
 TE row =  -0.000000E+00  0.000000E+00  1.000000E+00
 TE row =   0.000000E+00 -1.000000E+00  0.000000E+00


************************************************************
In subr BEAM with BEAM element        9
 --------------------------------------
L       =   8.625000E+00
AREA    =   1.074530E+00
I1      =   6.657470E-01
I2      =   6.657400E-01
I12     =   0.000000E+00
JTOR    =   1.331490E+00
K1      =   1.000000E+00
K2      =   1.000000E+00
E       =   2.790000E+07
G       =   1.073077E+07
SCOEFF  =   0.000000E+00
ALPHA   =   0.000000E+00
TREF    =   0.000000E+00
plane1 (UY,RZ) uses I1/K2; phi1 =   0.000000E+00
plane2 (UZ,RY) uses I2/K1; phi2 =   0.000000E+00
CBEAMBRN=        1
FAC1    =   2.894917E+04
FAC2    =   2.894887E+04
DEN     =   4.432144E-01
DELTA1  =   1.502072E+00
DELTA2  =   1.502088E+00
DELTA12 =   0.000000E+00

************************************************************


 CBEAM/CBAR AXIS DEBUG: EID =       10 TYPE = BEAM
 VX   (A->B)            =   1.000000E+01  0.000000E+00  0.000000E+00
 V13  (from input V/G0) =   0.000000E+00  0.000000E+00  1.000000E+00
 Ye (local y)           =  -0.000000E+00  0.000000E+00  1.000000E+00
 Ze (local z)           =   0.000000E+00 -1.000000E+00  0.000000E+00
 Xe (local x)           =   1.000000E+00  0.000000E+00  0.000000E+00
 TE row =   1.000000E+00  0.000000E+00  0.000000E+00
 TE row =  -0.000000E+00  0.000000E+00  1.000000E+00
 TE row =   0.000000E+00 -1.000000E+00  0.000000E+00


************************************************************
In subr BEAM with BEAM element       10
 --------------------------------------
L       =   1.000000E+01
AREA    =   1.074530E+00
I1      =   6.657470E-01
I2      =   6.657400E-01
I12     =   0.000000E+00
JTOR    =   1.331490E+00
K1      =   1.000000E+00
K2      =   1.000000E+00
E       =   2.790000E+07
G       =   1.073077E+07
SCOEFF  =   0.000000E+00
ALPHA   =   0.000000E+00
TREF    =   0.000000E+00
plane1 (UY,RZ) uses I1/K2; phi1 =   0.000000E+00
plane2 (UZ,RY) uses I2/K1; phi2 =   0.000000E+00
CBEAMBRN=        1
FAC1    =   1.857434E+04
FAC2    =   1.857415E+04
DEN     =   4.432144E-01
DELTA1  =   1.502072E+00
DELTA2  =   1.502088E+00
DELTA12 =   0.000000E+00

************************************************************


 CBEAM/CBAR AXIS DEBUG: EID =       11 TYPE = BEAM
 VX   (A->B)            =   8.625000E+00  0.000000E+00  0.000000E+00
 V13  (from input V/G0) =   0.000000E+00  0.000000E+00  1.000000E+00
 Ye (local y)           =  -0.000000E+00  0.000000E+00  1.000000E+00
 Ze (local z)           =   0.000000E+00 -1.000000E+00  0.000000E+00
 Xe (local x)           =   1.000000E+00  0.000000E+00  0.000000E+00
 TE row =   1.000000E+00  0.000000E+00  0.000000E+00
 TE row =  -0.000000E+00  0.000000E+00  1.000000E+00
 TE row =   0.000000E+00 -1.000000E+00  0.000000E+00


************************************************************
In subr BEAM with BEAM element       11
 --------------------------------------
L       =   8.625000E+00
AREA    =   1.074530E+00
I1      =   6.657470E-01
I2      =   6.657400E-01
I12     =   0.000000E+00
JTOR    =   1.331490E+00
K1      =   1.000000E+00
K2      =   1.000000E+00
E       =   2.790000E+07
G       =   1.073077E+07
SCOEFF  =   0.000000E+00
ALPHA   =   0.000000E+00
TREF    =   0.000000E+00
plane1 (UY,RZ) uses I1/K2; phi1 =   0.000000E+00
plane2 (UZ,RY) uses I2/K1; phi2 =   0.000000E+00
CBEAMBRN=        1
FAC1    =   2.894917E+04
FAC2    =   2.894887E+04
DEN     =   4.432144E-01
DELTA1  =   1.502072E+00
DELTA2  =   1.502088E+00
DELTA12 =   0.000000E+00

************************************************************


 CBEAM/CBAR AXIS DEBUG: EID =       12 TYPE = BEAM
 VX   (A->B)            =   8.625000E+00  0.000000E+00  0.000000E+00
 V13  (from input V/G0) =   0.000000E+00  0.000000E+00  1.000000E+00
 Ye (local y)           =  -0.000000E+00  0.000000E+00  1.000000E+00
 Ze (local z)           =   0.000000E+00 -1.000000E+00  0.000000E+00
 Xe (local x)           =   1.000000E+00  0.000000E+00  0.000000E+00
 TE row =   1.000000E+00  0.000000E+00  0.000000E+00
 TE row =  -0.000000E+00  0.000000E+00  1.000000E+00
 TE row =   0.000000E+00 -1.000000E+00  0.000000E+00


************************************************************
In subr BEAM with BEAM element       12
 --------------------------------------
L       =   8.625000E+00
AREA    =   1.074530E+00
I1      =   6.657470E-01
I2      =   6.657400E-01
I12     =   0.000000E+00
JTOR    =   1.331490E+00
K1      =   1.000000E+00
K2      =   1.000000E+00
E       =   2.790000E+07
G       =   1.073077E+07
SCOEFF  =   0.000000E+00
ALPHA   =   0.000000E+00
TREF    =   0.000000E+00
plane1 (UY,RZ) uses I1/K2; phi1 =   0.000000E+00
plane2 (UZ,RY) uses I2/K1; phi2 =   0.000000E+00
CBEAMBRN=        1
FAC1    =   2.894917E+04
FAC2    =   2.894887E+04
DEN     =   4.432144E-01
DELTA1  =   1.502072E+00
DELTA2  =   1.502088E+00
DELTA12 =   0.000000E+00

************************************************************


 CBEAM/CBAR AXIS DEBUG: EID =       13 TYPE = BEAM
 VX   (A->B)            =   1.000000E+01  0.000000E+00  0.000000E+00
 V13  (from input V/G0) =   0.000000E+00  0.000000E+00  1.000000E+00
 Ye (local y)           =  -0.000000E+00  0.000000E+00  1.000000E+00
 Ze (local z)           =   0.000000E+00 -1.000000E+00  0.000000E+00
 Xe (local x)           =   1.000000E+00  0.000000E+00  0.000000E+00
 TE row =   1.000000E+00  0.000000E+00  0.000000E+00
 TE row =  -0.000000E+00  0.000000E+00  1.000000E+00
 TE row =   0.000000E+00 -1.000000E+00  0.000000E+00


************************************************************
In subr BEAM with BEAM element       13
 --------------------------------------
L       =   1.000000E+01
AREA    =   1.074530E+00
I1      =   6.657470E-01
I2      =   6.657400E-01
I12     =   0.000000E+00
JTOR    =   1.331490E+00
K1      =   1.000000E+00
K2      =   1.000000E+00
E       =   2.790000E+07
G       =   1.073077E+07
SCOEFF  =   0.000000E+00
ALPHA   =   0.000000E+00
TREF    =   0.000000E+00
plane1 (UY,RZ) uses I1/K2; phi1 =   0.000000E+00
plane2 (UZ,RY) uses I2/K1; phi2 =   0.000000E+00
CBEAMBRN=        1
FAC1    =   1.857434E+04
FAC2    =   1.857415E+04
DEN     =   4.432144E-01
DELTA1  =   1.502072E+00
DELTA2  =   1.502088E+00
DELTA12 =   0.000000E+00

************************************************************


 CBEAM/CBAR AXIS DEBUG: EID =       14 TYPE = BEAM
 VX   (A->B)            =   8.625000E+00  0.000000E+00  0.000000E+00
 V13  (from input V/G0) =   0.000000E+00  0.000000E+00  1.000000E+00
 Ye (local y)           =  -0.000000E+00  0.000000E+00  1.000000E+00
 Ze (local z)           =   0.000000E+00 -1.000000E+00  0.000000E+00
 Xe (local x)           =   1.000000E+00  0.000000E+00  0.000000E+00
 TE row =   1.000000E+00  0.000000E+00  0.000000E+00
 TE row =  -0.000000E+00  0.000000E+00  1.000000E+00
 TE row =   0.000000E+00 -1.000000E+00  0.000000E+00


************************************************************
In subr BEAM with BEAM element       14
 --------------------------------------
L       =   8.625000E+00
AREA    =   1.074530E+00
I1      =   6.657470E-01
I2      =   6.657400E-01
I12     =   0.000000E+00
JTOR    =   1.331490E+00
K1      =   1.000000E+00
K2      =   1.000000E+00
E       =   2.790000E+07
G       =   1.073077E+07
SCOEFF  =   0.000000E+00
ALPHA   =   0.000000E+00
TREF    =   0.000000E+00
plane1 (UY,RZ) uses I1/K2; phi1 =   0.000000E+00
plane2 (UZ,RY) uses I2/K1; phi2 =   0.000000E+00
CBEAMBRN=        1
FAC1    =   2.894917E+04
FAC2    =   2.894887E+04
DEN     =   4.432144E-01
DELTA1  =   1.502072E+00
DELTA2  =   1.502088E+00
DELTA12 =   0.000000E+00

************************************************************


 CBEAM/CBAR AXIS DEBUG: EID =       15 TYPE = BEAM
 VX   (A->B)            =   0.000000E+00  8.625000E+00  0.000000E+00
 V13  (from input V/G0) =   0.000000E+00  0.000000E+00  1.000000E+00
 Ye (local y)           =   0.000000E+00  0.000000E+00  1.000000E+00
 Ze (local z)           =   1.000000E+00  0.000000E+00  0.000000E+00
 Xe (local x)           =   0.000000E+00  1.000000E+00  0.000000E+00
 TE row =   0.000000E+00  1.000000E+00  0.000000E+00
 TE row =   0.000000E+00  0.000000E+00  1.000000E+00
 TE row =   1.000000E+00  0.000000E+00  0.000000E+00


************************************************************
In subr BEAM with BEAM element       15
 --------------------------------------
L       =   8.625000E+00
AREA    =   1.074530E+00
I1      =   6.657470E-01
I2      =   6.657400E-01
I12     =   0.000000E+00
JTOR    =   1.331490E+00
K1      =   1.000000E+00
K2      =   1.000000E+00
E       =   2.790000E+07
G       =   1.073077E+07
SCOEFF  =   0.000000E+00
ALPHA   =   0.000000E+00
TREF    =   0.000000E+00
plane1 (UY,RZ) uses I1/K2; phi1 =   0.000000E+00
plane2 (UZ,RY) uses I2/K1; phi2 =   0.000000E+00
CBEAMBRN=        1
FAC1    =   2.894917E+04
FAC2    =   2.894887E+04
DEN     =   4.432144E-01
DELTA1  =   1.502072E+00
DELTA2  =   1.502088E+00
DELTA12 =   0.000000E+00

************************************************************


 CBEAM/CBAR AXIS DEBUG: EID =       16 TYPE = BEAM
 VX   (A->B)            =   0.000000E+00  8.625000E+00  0.000000E+00
 V13  (from input V/G0) =   0.000000E+00  0.000000E+00  1.000000E+00
 Ye (local y)           =   0.000000E+00  0.000000E+00  1.000000E+00
 Ze (local z)           =   1.000000E+00  0.000000E+00  0.000000E+00
 Xe (local x)           =   0.000000E+00  1.000000E+00  0.000000E+00
 TE row =   0.000000E+00  1.000000E+00  0.000000E+00
 TE row =   0.000000E+00  0.000000E+00  1.000000E+00
 TE row =   1.000000E+00  0.000000E+00  0.000000E+00


************************************************************
In subr BEAM with BEAM element       16
 --------------------------------------
L       =   8.625000E+00
AREA    =   1.074530E+00
I1      =   6.657470E-01
I2      =   6.657400E-01
I12     =   0.000000E+00
JTOR    =   1.331490E+00
K1      =   1.000000E+00
K2      =   1.000000E+00
E       =   2.790000E+07
G       =   1.073077E+07
SCOEFF  =   0.000000E+00
ALPHA   =   0.000000E+00
TREF    =   0.000000E+00
plane1 (UY,RZ) uses I1/K2; phi1 =   0.000000E+00
plane2 (UZ,RY) uses I2/K1; phi2 =   0.000000E+00
CBEAMBRN=        1
FAC1    =   2.894917E+04
FAC2    =   2.894887E+04
DEN     =   4.432144E-01
DELTA1  =   1.502072E+00
DELTA2  =   1.502088E+00
DELTA12 =   0.000000E+00

************************************************************


 CBEAM/CBAR AXIS DEBUG: EID =       17 TYPE = BEAM
 VX   (A->B)            =   0.000000E+00  8.625000E+00  0.000000E+00
 V13  (from input V/G0) =   0.000000E+00  0.000000E+00  1.000000E+00
 Ye (local y)           =   0.000000E+00  0.000000E+00  1.000000E+00
 Ze (local z)           =   1.000000E+00  0.000000E+00  0.000000E+00
 Xe (local x)           =   0.000000E+00  1.000000E+00  0.000000E+00
 TE row =   0.000000E+00  1.000000E+00  0.000000E+00
 TE row =   0.000000E+00  0.000000E+00  1.000000E+00
 TE row =   1.000000E+00  0.000000E+00  0.000000E+00


************************************************************
In subr BEAM with BEAM element       17
 --------------------------------------
L       =   8.625000E+00
AREA    =   1.074530E+00
I1      =   6.657470E-01
I2      =   6.657400E-01
I12     =   0.000000E+00
JTOR    =   1.331490E+00
K1      =   1.000000E+00
K2      =   1.000000E+00
E       =   2.790000E+07
G       =   1.073077E+07
SCOEFF  =   0.000000E+00
ALPHA   =   0.000000E+00
TREF    =   0.000000E+00
plane1 (UY,RZ) uses I1/K2; phi1 =   0.000000E+00
plane2 (UZ,RY) uses I2/K1; phi2 =   0.000000E+00
CBEAMBRN=        1
FAC1    =   2.894917E+04
FAC2    =   2.894887E+04
DEN     =   4.432144E-01
DELTA1  =   1.502072E+00
DELTA2  =   1.502088E+00
DELTA12 =   0.000000E+00

************************************************************


 CBEAM/CBAR AXIS DEBUG: EID =       18 TYPE = BEAM
 VX   (A->B)            =   0.000000E+00  8.625000E+00  0.000000E+00
 V13  (from input V/G0) =   0.000000E+00  0.000000E+00  1.000000E+00
 Ye (local y)           =   0.000000E+00  0.000000E+00  1.000000E+00
 Ze (local z)           =   1.000000E+00  0.000000E+00  0.000000E+00
 Xe (local x)           =   0.000000E+00  1.000000E+00  0.000000E+00
 TE row =   0.000000E+00  1.000000E+00  0.000000E+00
 TE row =   0.000000E+00  0.000000E+00  1.000000E+00
 TE row =   1.000000E+00  0.000000E+00  0.000000E+00


************************************************************
In subr BEAM with BEAM element       18
 --------------------------------------
L       =   8.625000E+00
AREA    =   1.074530E+00
I1      =   6.657470E-01
I2      =   6.657400E-01
I12     =   0.000000E+00
JTOR    =   1.331490E+00
K1      =   1.000000E+00
K2      =   1.000000E+00
E       =   2.790000E+07
G       =   1.073077E+07
SCOEFF  =   0.000000E+00
ALPHA   =   0.000000E+00
TREF    =   0.000000E+00
plane1 (UY,RZ) uses I1/K2; phi1 =   0.000000E+00
plane2 (UZ,RY) uses I2/K1; phi2 =   0.000000E+00
CBEAMBRN=        1
FAC1    =   2.894917E+04
FAC2    =   2.894887E+04
DEN     =   4.432144E-01
DELTA1  =   1.502072E+00
DELTA2  =   1.502088E+00
DELTA12 =   0.000000E+00

************************************************************

               DEALLOCATED  4.15E-02 MB MEMORY FROM ARRAY STF3

               DEALLOCATED  4.32E-04 MB MEMORY FROM ARRAY STFKEY
               DEALLOCATED  4.15E-02 MB MEMORY FROM ARRAY STF3

 >> LINK  1 END


 >> LINK  2 BEGIN



 *INFORMATION: AUTOSPC Summary, Overall: after identification of all AUTOSPC's                                                               

                                     AUTOSPC_RAT = 1.000000E-08

                       Number of DOF's identified for AUTOSPC in component  1         =            0
                       Number of DOF's identified for AUTOSPC in component  2         =            0
                       Number of DOF's identified for AUTOSPC in component  3         =            0
                       Number of DOF's identified for AUTOSPC in component  4         =            0
                       Number of DOF's identified for AUTOSPC in component  5         =            0
                       Number of DOF's identified for AUTOSPC in component  6         =            0
                                                                                        ------------
                       Total number of DOF's identified overall                       =            0


 >> LINK  2 END


 >> LINK  4 BEGIN


                           E I G E N V A L U E   A N A L Y S I S   S U M M A R Y   (LANCZOS  Mode 3 DGB, Shift eigen = -1.00E+00)
                                                                      (SPARSE solution)

                                NUMBER OF EIGENVALUES EXTRACTED  . . . . . .         5

                                LARGEST OFF-DIAGONAL GENERALIZED MASS TERM    -1.0E-05 (Vecs renormed to 1.0 for gen masses)

                                                                       . . .         5
                                          MODE PAIR . . . . . . . . . .
                                                                       . . .         4

                                NUMBER OF OFF DIAGONAL GENERALIZED MASS
                                TERMS FAILING CRITERION OF  1.0E-04. . . . .         0



                                            R E A L   E I G E N V A L U E S
    MODE  EXTRACTION      EIGENVALUE           RADIANS              CYCLES            GENERALIZED         GENERALIZED        
   NUMBER   ORDER                                                                        MASS              STIFFNESS

        1       1        4.053266E+06        2.013272E+03        3.204222E+02        1.000000E+00        4.053266E+06
        2       2        7.391828E+06        2.718792E+03        4.327091E+02        1.000000E+00        7.391828E+06
        3       3        1.274067E+07        3.569408E+03        5.680889E+02        1.000000E+00        1.274067E+07
        4       4        2.275417E+07        4.770133E+03        7.591902E+02        1.000000E+00        2.275417E+07
        5       5        2.538596E+07        5.038448E+03        8.018939E+02        1.000000E+00        2.538596E+07



 >> LINK  4 END


 >> LINK  5 BEGIN


 >> LINK  5 END


 >> LINK  9 BEGIN


 >> LINK  9 END

    Total CPU time =  1.56E-02 seconds

 >> MYSTRAN END    :  4/24/2026 at 12:13: 4.529
